{
"version":  "0.1",
"toolInfo":  {
"toolName":  "Microsoft (R) Visual C# Compiler",
"productVersion":  "1.1.0",
"fileVersion":  "1.1.0"
},
"issues":  [
{
"ruleId":  "S122",
"locations":  [
{
"analysisTarget":  [
{
"uri":  "Nancy\\src\\Nancy.Tests.Functional\\Tests\\RouteConstraintTests.cs",
"region":  {
"startLine":  47,
"startColumn":  12,
"endLine":  47,
"endColumn":  120
}
}
]
}
],
"shortMessage":  "Reformat the code to have only one statement per line.",
"fullMessage":  "For better readability, do not put more than one statement on a single line.",
"properties":  {
"severity":  "Warning",
"warningLevel":  "1",
"defaultSeverity":  "Warning",
"title":  "Statements should be on separate lines",
"category":  "Maintainability",
"helpLink":  "http://vs.sonarlint.org/rules/index.html#version=1.7.0\u0026ruleId=S122",
"isEnabledByDefault":  "False",
"isSuppressedInSource":  "False"
}
},
{
"ruleId":  "S122",
"locations":  [
{
"analysisTarget":  [
{
"uri":  "Nancy\\src\\Nancy.Tests.Functional\\Tests\\RouteConstraintTests.cs",
"region":  {
"startLine":  59,
"startColumn":  12,
"endLine":  59,
"endColumn":  121
}
}
]
}
],
"shortMessage":  "Reformat the code to have only one statement per line.",
"fullMessage":  "For better readability, do not put more than one statement on a single line.",
"properties":  {
"severity":  "Warning",
"warningLevel":  "1",
"defaultSeverity":  "Warning",
"title":  "Statements should be on separate lines",
"category":  "Maintainability",
"helpLink":  "http://vs.sonarlint.org/rules/index.html#version=1.7.0\u0026ruleId=S122",
"isEnabledByDefault":  "False",
"isSuppressedInSource":  "False"
}
},
{
"ruleId":  "S122",
"locations":  [
{
"analysisTarget":  [
{
"uri":  "Nancy\\src\\Nancy.Tests.Functional\\Tests\\RouteConstraintTests.cs",
"region":  {
"startLine":  71,
"startColumn":  12,
"endLine":  71,
"endColumn":  121
}
}
]
}
],
"shortMessage":  "Reformat the code to have only one statement per line.",
"fullMessage":  "For better readability, do not put more than one statement on a single line.",
"properties":  {
"severity":  "Warning",
"warningLevel":  "1",
"defaultSeverity":  "Warning",
"title":  "Statements should be on separate lines",
"category":  "Maintainability",
"helpLink":  "http://vs.sonarlint.org/rules/index.html#version=1.7.0\u0026ruleId=S122",
"isEnabledByDefault":  "False",
"isSuppressedInSource":  "False"
}
}
]
}
