{
"version":  "0.1",
"toolInfo":  {
"toolName":  "Microsoft (R) Visual C# Compiler",
"productVersion":  "1.1.0",
"fileVersion":  "1.1.0"
},
"issues":  [
{
"ruleId":  "S1121",
"locations":  [
{
"analysisTarget":  [
{
"uri":  "Nancy\\src\\Nancy.Demo.Validation\\Models\\OddLengthStringAttribute.cs",
"region":  {
"startLine":  14,
"startColumn":  34,
"endLine":  14,
"endColumn":  35
}
}
]
}
],
"shortMessage":  "Extract the assignment of \"this.ErrorMessage\" from this expression.",
"fullMessage":  "Assignments within sub-expressions are hard to spot and therefore make the code less readable. It is also a common mistake to write \"=\" when \"==\" was meant. Ideally, expressions should nothave side-effects. Assignments inside lambda and delegate expressions are allowed.",
"properties":  {
"severity":  "Warning",
"warningLevel":  "1",
"defaultSeverity":  "Warning",
"title":  "Assignments should not be made from within sub-expressions",
"category":  "Reliability",
"helpLink":  "http://vs.sonarlint.org/rules/index.html#version=1.7.0\u0026ruleId=S1121",
"isEnabledByDefault":  "False",
"isSuppressedInSource":  "False"
}
}
]
}
