{
"version":  "0.1",
"toolInfo":  {
"toolName":  "Microsoft (R) Visual C# Compiler",
"productVersion":  "1.1.0",
"fileVersion":  "1.1.0"
},
"issues":  [
{
"ruleId":  "S107",
"locations":  [
{
"analysisTarget":  [
{
"uri":  "Nancy\\src\\Nancy\\Diagnostics\\DefaultDiagnostics.cs",
"region":  {
"startLine":  45,
"startColumn":  33,
"endLine":  57,
"endColumn":  42
}
}
]
}
],
"shortMessage":  "Method \"Lambda\" has 12 parameters, which is greater than the 7 authorized.",
"fullMessage":  "A long parameter list can indicate that a new structure should be created to wrap the numerous parameters or that the function is doing too many things.",
"properties":  {
"severity":  "Warning",
"warningLevel":  "1",
"defaultSeverity":  "Warning",
"title":  "Methods should not have too many parameters",
"category":  "Maintainability",
"helpLink":  "http://vs.sonarlint.org/rules/index.html#version=1.7.0\u0026ruleId=S107",
"isEnabledByDefault":  "False",
"isSuppressedInSource":  "False"
}
},
{
"ruleId":  "S107",
"locations":  [
{
"analysisTarget":  [
{
"uri":  "Nancy\\src\\Nancy\\Diagnostics\\DiagnosticsHook.cs",
"region":  {
"startLine":  36,
"startColumn":  33,
"endLine":  36,
"endColumn":  557
}
}
]
}
],
"shortMessage":  "Method \"Lambda\" has 13 parameters, which is greater than the 7 authorized.",
"fullMessage":  "A long parameter list can indicate that a new structure should be created to wrap the numerous parameters or that the function is doing too many things.",
"properties":  {
"severity":  "Warning",
"warningLevel":  "1",
"defaultSeverity":  "Warning",
"title":  "Methods should not have too many parameters",
"category":  "Maintainability",
"helpLink":  "http://vs.sonarlint.org/rules/index.html#version=1.7.0\u0026ruleId=S107",
"isEnabledByDefault":  "False",
"isSuppressedInSource":  "False"
}
},
{
"ruleId":  "S107",
"locations":  [
{
"analysisTarget":  [
{
"uri":  "Nancy\\src\\Nancy\\Json\\JavaScriptSerializer.cs",
"region":  {
"startLine":  79,
"startColumn":  35,
"endLine":  79,
"endColumn":  283
}
}
]
}
],
"shortMessage":  "Method \"Lambda\" has 8 parameters, which is greater than the 7 authorized.",
"fullMessage":  "A long parameter list can indicate that a new structure should be created to wrap the numerous parameters or that the function is doing too many things.",
"properties":  {
"severity":  "Warning",
"warningLevel":  "1",
"defaultSeverity":  "Warning",
"title":  "Methods should not have too many parameters",
"category":  "Maintainability",
"helpLink":  "http://vs.sonarlint.org/rules/index.html#version=1.7.0\u0026ruleId=S107",
"isEnabledByDefault":  "False",
"isSuppressedInSource":  "False"
}
},
{
"ruleId":  "S107",
"locations":  [
{
"analysisTarget":  [
{
"uri":  "Nancy\\src\\Nancy\\Json\\JsonConfigurationExtensions.cs",
"region":  {
"startLine":  24,
"startColumn":  31,
"endLine":  24,
"endColumn":  326
}
}
]
}
],
"shortMessage":  "Method \"Lambda\" has 8 parameters, which is greater than the 7 authorized.",
"fullMessage":  "A long parameter list can indicate that a new structure should be created to wrap the numerous parameters or that the function is doing too many things.",
"properties":  {
"severity":  "Warning",
"warningLevel":  "1",
"defaultSeverity":  "Warning",
"title":  "Methods should not have too many parameters",
"category":  "Maintainability",
"helpLink":  "http://vs.sonarlint.org/rules/index.html#version=1.7.0\u0026ruleId=S107",
"isEnabledByDefault":  "False",
"isSuppressedInSource":  "False"
}
}
]
}
