{
"version":  "0.1",
"toolInfo":  {
"toolName":  "Microsoft (R) Visual C# Compiler",
"productVersion":  "1.1.0",
"fileVersion":  "1.1.0"
},
"issues":  [
{
"ruleId":  "S818",
"locations":  [
{
"analysisTarget":  [
{
"uri":  "Nancy\\src\\Nancy.Testing\\BrowserContextExtensions.cs",
"region":  {
"startLine":  175,
"startColumn":  49,
"endLine":  175,
"endColumn":  50
}
}
]
}
],
"shortMessage":  "Upper case this literal suffix.",
"fullMessage":  "Using upper case literal suffixes removes the potential ambiguity between \"1\" (digit 1) and \"l\" (letter el) for declaring literals.",
"properties":  {
"severity":  "Warning",
"warningLevel":  "1",
"defaultSeverity":  "Warning",
"title":  "Literal suffixes should be upper case",
"category":  "Maintainability",
"helpLink":  "http://vs.sonarlint.org/rules/index.html#version=1.7.0\u0026ruleId=S818",
"isEnabledByDefault":  "False",
"isSuppressedInSource":  "False"
}
}
]
}
