{
"version":  "0.1",
"toolInfo":  {
"toolName":  "Microsoft (R) Visual C# Compiler",
"productVersion":  "1.1.0",
"fileVersion":  "1.1.0"
},
"issues":  [
{
"ruleId":  "S1186",
"locations":  [
{
"analysisTarget":  [
{
"uri":  "Nancy\\src\\Nancy.ViewEngines.Nustache\\NustacheViewEngine.cs",
"region":  {
"startLine":  29,
"startColumn":  20,
"endLine":  29,
"endColumn":  30
}
}
]
}
],
"shortMessage":  "Add a nested comment explaining why this method is empty, throw a NotSupportedException or complete the implementation.",
"fullMessage":  "There are several reasons for a method not to have a method body: It is an unintentional omission, and should be fixed. It is not yet, or never will be, supported. In this case an \"NotSupportedException\" should be thrown. The method is an intentionally-blank override. In this case a nested comment should explain the reason for the blank override.",
"properties":  {
"severity":  "Warning",
"warningLevel":  "1",
"defaultSeverity":  "Warning",
"title":  "Methods should not be empty",
"category":  "Reliability",
"helpLink":  "http://vs.sonarlint.org/rules/index.html#version=1.7.0\u0026ruleId=S1186",
"isEnabledByDefault":  "False",
"isSuppressedInSource":  "False"
}
}
]
}
