{
"version":  "0.1",
"toolInfo":  {
"toolName":  "Microsoft (R) Visual C# Compiler",
"productVersion":  "1.1.0",
"fileVersion":  "1.1.0"
},
"issues":  [
{
"ruleId":  "S107",
"locations":  [
{
"analysisTarget":  [
{
"uri":  "Nancy\\src\\Nancy.Tests\\Unit\\Diagnostics\\CustomInteractiveDiagnosticsFixture.cs",
"region":  {
"startLine":  51,
"startColumn":  34,
"endLine":  62,
"endColumn":  46
}
}
]
}
],
"shortMessage":  "Method \"Lambda\" has 11 parameters, which is greater than the 7 authorized.",
"fullMessage":  "A long parameter list can indicate that a new structure should be created to wrap the numerous parameters or that the function is doing too many things.",
"properties":  {
"severity":  "Warning",
"warningLevel":  "1",
"defaultSeverity":  "Warning",
"title":  "Methods should not have too many parameters",
"category":  "Maintainability",
"helpLink":  "http://vs.sonarlint.org/rules/index.html#version=1.7.0\u0026ruleId=S107",
"isEnabledByDefault":  "False",
"isSuppressedInSource":  "False"
}
}
]
}
