{
"version":  "0.1",
"toolInfo":  {
"toolName":  "Microsoft (R) Visual C# Compiler",
"productVersion":  "1.1.0",
"fileVersion":  "1.1.0"
},
"issues":  [
{
"ruleId":  "S818",
"locations":  [
{
"analysisTarget":  [
{
"uri":  "Nancy\\src\\Nancy\\Conventions\\BuiltInAcceptHeaderCoercions.cs",
"region":  {
"startLine":  14,
"startColumn":  125,
"endLine":  14,
"endColumn":  126
}
}
]
}
],
"shortMessage":  "Upper case this literal suffix.",
"fullMessage":  "Using upper case literal suffixes removes the potential ambiguity between \"1\" (digit 1) and \"l\" (letter el) for declaring literals.",
"properties":  {
"severity":  "Warning",
"warningLevel":  "1",
"defaultSeverity":  "Warning",
"title":  "Literal suffixes should be upper case",
"category":  "Maintainability",
"helpLink":  "http://vs.sonarlint.org/rules/index.html#version=1.7.0\u0026ruleId=S818",
"isEnabledByDefault":  "False",
"isSuppressedInSource":  "False"
}
},
{
"ruleId":  "S818",
"locations":  [
{
"analysisTarget":  [
{
"uri":  "Nancy\\src\\Nancy\\Conventions\\BuiltInAcceptHeaderCoercions.cs",
"region":  {
"startLine":  14,
"startColumn":  152,
"endLine":  14,
"endColumn":  153
}
}
]
}
],
"shortMessage":  "Upper case this literal suffix.",
"fullMessage":  "Using upper case literal suffixes removes the potential ambiguity between \"1\" (digit 1) and \"l\" (letter el) for declaring literals.",
"properties":  {
"severity":  "Warning",
"warningLevel":  "1",
"defaultSeverity":  "Warning",
"title":  "Literal suffixes should be upper case",
"category":  "Maintainability",
"helpLink":  "http://vs.sonarlint.org/rules/index.html#version=1.7.0\u0026ruleId=S818",
"isEnabledByDefault":  "False",
"isSuppressedInSource":  "False"
}
},
{
"ruleId":  "S818",
"locations":  [
{
"analysisTarget":  [
{
"uri":  "Nancy\\src\\Nancy\\Conventions\\BuiltInAcceptHeaderCoercions.cs",
"region":  {
"startLine":  56,
"startColumn":  143,
"endLine":  56,
"endColumn":  144
}
}
]
}
],
"shortMessage":  "Upper case this literal suffix.",
"fullMessage":  "Using upper case literal suffixes removes the potential ambiguity between \"1\" (digit 1) and \"l\" (letter el) for declaring literals.",
"properties":  {
"severity":  "Warning",
"warningLevel":  "1",
"defaultSeverity":  "Warning",
"title":  "Literal suffixes should be upper case",
"category":  "Maintainability",
"helpLink":  "http://vs.sonarlint.org/rules/index.html#version=1.7.0\u0026ruleId=S818",
"isEnabledByDefault":  "False",
"isSuppressedInSource":  "False"
}
},
{
"ruleId":  "S818",
"locations":  [
{
"analysisTarget":  [
{
"uri":  "Nancy\\src\\Nancy\\Conventions\\BuiltInAcceptHeaderCoercions.cs",
"region":  {
"startLine":  69,
"startColumn":  75,
"endLine":  69,
"endColumn":  76
}
}
]
}
],
"shortMessage":  "Upper case this literal suffix.",
"fullMessage":  "Using upper case literal suffixes removes the potential ambiguity between \"1\" (digit 1) and \"l\" (letter el) for declaring literals.",
"properties":  {
"severity":  "Warning",
"warningLevel":  "1",
"defaultSeverity":  "Warning",
"title":  "Literal suffixes should be upper case",
"category":  "Maintainability",
"helpLink":  "http://vs.sonarlint.org/rules/index.html#version=1.7.0\u0026ruleId=S818",
"isEnabledByDefault":  "False",
"isSuppressedInSource":  "False"
}
},
{
"ruleId":  "S818",
"locations":  [
{
"analysisTarget":  [
{
"uri":  "Nancy\\src\\Nancy\\RequestHeaders.cs",
"region":  {
"startLine":  305,
"startColumn":  35,
"endLine":  305,
"endColumn":  36
}
}
]
}
],
"shortMessage":  "Upper case this literal suffix.",
"fullMessage":  "Using upper case literal suffixes removes the potential ambiguity between \"1\" (digit 1) and \"l\" (letter el) for declaring literals.",
"properties":  {
"severity":  "Warning",
"warningLevel":  "1",
"defaultSeverity":  "Warning",
"title":  "Literal suffixes should be upper case",
"category":  "Maintainability",
"helpLink":  "http://vs.sonarlint.org/rules/index.html#version=1.7.0\u0026ruleId=S818",
"isEnabledByDefault":  "False",
"isSuppressedInSource":  "False"
}
},
{
"ruleId":  "S818",
"locations":  [
{
"analysisTarget":  [
{
"uri":  "Nancy\\src\\Nancy\\Responses\\Negotiation\\DefaultResponseNegotiator.cs",
"region":  {
"startLine":  173,
"startColumn":  76,
"endLine":  173,
"endColumn":  77
}
}
]
}
],
"shortMessage":  "Upper case this literal suffix.",
"fullMessage":  "Using upper case literal suffixes removes the potential ambiguity between \"1\" (digit 1) and \"l\" (letter el) for declaring literals.",
"properties":  {
"severity":  "Warning",
"warningLevel":  "1",
"defaultSeverity":  "Warning",
"title":  "Literal suffixes should be upper case",
"category":  "Maintainability",
"helpLink":  "http://vs.sonarlint.org/rules/index.html#version=1.7.0\u0026ruleId=S818",
"isEnabledByDefault":  "False",
"isSuppressedInSource":  "False"
}
},
{
"ruleId":  "S818",
"locations":  [
{
"analysisTarget":  [
{
"uri":  "Nancy\\src\\Nancy\\Responses\\Negotiation\\DefaultResponseNegotiator.cs",
"region":  {
"startLine":  177,
"startColumn":  49,
"endLine":  177,
"endColumn":  50
}
}
]
}
],
"shortMessage":  "Upper case this literal suffix.",
"fullMessage":  "Using upper case literal suffixes removes the potential ambiguity between \"1\" (digit 1) and \"l\" (letter el) for declaring literals.",
"properties":  {
"severity":  "Warning",
"warningLevel":  "1",
"defaultSeverity":  "Warning",
"title":  "Literal suffixes should be upper case",
"category":  "Maintainability",
"helpLink":  "http://vs.sonarlint.org/rules/index.html#version=1.7.0\u0026ruleId=S818",
"isEnabledByDefault":  "False",
"isSuppressedInSource":  "False"
}
}
]
}
