{
"version":  "0.1",
"toolInfo":  {
"toolName":  "Microsoft (R) Visual C# Compiler",
"productVersion":  "1.1.0",
"fileVersion":  "1.1.0"
},
"issues":  [
{
"ruleId":  "S2674",
"locations":  [
{
"analysisTarget":  [
{
"uri":  "Nancy\\src\\Nancy\\Bootstrapper\\FavIconApplicationStartup.cs",
"region":  {
"startLine":  57,
"startColumn":  12,
"endLine":  57,
"endColumn":  70
}
}
]
}
],
"shortMessage":  "Check the return value of the \"Read\" call to see how many bytes were read.",
"fullMessage":  "You cannot assume that any given stream reading call will fill the \"byte[]\" passed in to the method with the number of bytes requested. Instead, you must check the value returned by the read method to see how many bytes were read. Fail to do so, and you introduce a bug that is both harmful and difficult to reproduce.",
"properties":  {
"severity":  "Warning",
"warningLevel":  "1",
"defaultSeverity":  "Warning",
"title":  "The length returned from a stream read should be checked",
"category":  "Reliability",
"helpLink":  "http://vs.sonarlint.org/rules/index.html#version=1.7.0\u0026ruleId=S2674",
"isEnabledByDefault":  "False",
"isSuppressedInSource":  "False"
}
}
]
}
