{
"version":  "0.1",
"toolInfo":  {
"toolName":  "Microsoft (R) Visual C# Compiler",
"productVersion":  "1.1.0",
"fileVersion":  "1.1.0"
},
"issues":  [
{
"ruleId":  "S3240",
"locations":  [
{
"analysisTarget":  [
{
"uri":  "akka.net\\src\\core\\Akka.Tests\\Actor\\ActorRefSpec.cs",
"region":  {
"startLine":  430,
"startColumn":  16,
"endLine":  430,
"endColumn":  18
}
}
]
}
],
"shortMessage":  "Use the \"?:\" operator here.",
"fullMessage":  "In the interests of keeping code clean, the simplest possible conditional syntax should be used. That means using the \"??\" operator for an assign-if-not-null operator, and using the ternary operator \"?:\" for assignment to a single variable.",
"properties":  {
"severity":  "Warning",
"warningLevel":  "1",
"defaultSeverity":  "Warning",
"title":  "The simplest possible condition syntax should be used",
"category":  "Maintainability",
"helpLink":  "http://vs.sonarlint.org/rules/index.html#version=1.7.0\u0026ruleId=S3240",
"isEnabledByDefault":  "False",
"isSuppressedInSource":  "False",
"customProperties":  {
"isNullCoalescing":  "False"
}
}
},
{
"ruleId":  "S3240",
"locations":  [
{
"analysisTarget":  [
{
"uri":  "akka.net\\src\\core\\Akka.Tests\\Actor\\ActorRefSpec.cs",
"region":  {
"startLine":  452,
"startColumn":  16,
"endLine":  452,
"endColumn":  18
}
}
]
}
],
"shortMessage":  "Use the \"?:\" operator here.",
"fullMessage":  "In the interests of keeping code clean, the simplest possible conditional syntax should be used. That means using the \"??\" operator for an assign-if-not-null operator, and using the ternary operator \"?:\" for assignment to a single variable.",
"properties":  {
"severity":  "Warning",
"warningLevel":  "1",
"defaultSeverity":  "Warning",
"title":  "The simplest possible condition syntax should be used",
"category":  "Maintainability",
"helpLink":  "http://vs.sonarlint.org/rules/index.html#version=1.7.0\u0026ruleId=S3240",
"isEnabledByDefault":  "False",
"isSuppressedInSource":  "False",
"customProperties":  {
"isNullCoalescing":  "False"
}
}
},
{
"ruleId":  "S3240",
"locations":  [
{
"analysisTarget":  [
{
"uri":  "akka.net\\src\\core\\Akka.Tests\\Actor\\DeathWatchSpec.cs",
"region":  {
"startLine":  379,
"startColumn":  16,
"endLine":  379,
"endColumn":  18
}
}
]
}
],
"shortMessage":  "Use the \"?:\" operator here.",
"fullMessage":  "In the interests of keeping code clean, the simplest possible conditional syntax should be used. That means using the \"??\" operator for an assign-if-not-null operator, and using the ternary operator \"?:\" for assignment to a single variable.",
"properties":  {
"severity":  "Warning",
"warningLevel":  "1",
"defaultSeverity":  "Warning",
"title":  "The simplest possible condition syntax should be used",
"category":  "Maintainability",
"helpLink":  "http://vs.sonarlint.org/rules/index.html#version=1.7.0\u0026ruleId=S3240",
"isEnabledByDefault":  "False",
"isSuppressedInSource":  "False",
"customProperties":  {
"isNullCoalescing":  "False"
}
}
},
{
"ruleId":  "S3240",
"locations":  [
{
"analysisTarget":  [
{
"uri":  "akka.net\\src\\core\\Akka.Tests\\Routing\\ConsistentHashingRouterSpec.cs",
"region":  {
"startLine":  25,
"startColumn":  16,
"endLine":  25,
"endColumn":  18
}
}
]
}
],
"shortMessage":  "Use the \"?:\" operator here.",
"fullMessage":  "In the interests of keeping code clean, the simplest possible conditional syntax should be used. That means using the \"??\" operator for an assign-if-not-null operator, and using the ternary operator \"?:\" for assignment to a single variable.",
"properties":  {
"severity":  "Warning",
"warningLevel":  "1",
"defaultSeverity":  "Warning",
"title":  "The simplest possible condition syntax should be used",
"category":  "Maintainability",
"helpLink":  "http://vs.sonarlint.org/rules/index.html#version=1.7.0\u0026ruleId=S3240",
"isEnabledByDefault":  "False",
"isSuppressedInSource":  "False",
"customProperties":  {
"isNullCoalescing":  "False"
}
}
}
]
}
