{
"version":  "0.1",
"toolInfo":  {
"toolName":  "Microsoft (R) Visual C# Compiler",
"productVersion":  "1.1.0",
"fileVersion":  "1.1.0"
},
"issues":  [
{
"ruleId":  "S122",
"locations":  [
{
"analysisTarget":  [
{
"uri":  "akka.net\\src\\contrib\\serializers\\Akka.Serialization.TestKit\\ImmutableMessage.cs",
"region":  {
"startLine":  21,
"startColumn":  12,
"endLine":  21,
"endColumn":  57
}
}
]
}
],
"shortMessage":  "Reformat the code to have only one statement per line.",
"fullMessage":  "For better readability, do not put more than one statement on a single line.",
"properties":  {
"severity":  "Warning",
"warningLevel":  "1",
"defaultSeverity":  "Warning",
"title":  "Statements should be on separate lines",
"category":  "Maintainability",
"helpLink":  "http://vs.sonarlint.org/rules/index.html#version=1.7.0\u0026ruleId=S122",
"isEnabledByDefault":  "False",
"isSuppressedInSource":  "False"
}
},
{
"ruleId":  "S122",
"locations":  [
{
"analysisTarget":  [
{
"uri":  "akka.net\\src\\contrib\\serializers\\Akka.Serialization.TestKit\\ImmutableMessage.cs",
"region":  {
"startLine":  22,
"startColumn":  12,
"endLine":  22,
"endColumn":  56
}
}
]
}
],
"shortMessage":  "Reformat the code to have only one statement per line.",
"fullMessage":  "For better readability, do not put more than one statement on a single line.",
"properties":  {
"severity":  "Warning",
"warningLevel":  "1",
"defaultSeverity":  "Warning",
"title":  "Statements should be on separate lines",
"category":  "Maintainability",
"helpLink":  "http://vs.sonarlint.org/rules/index.html#version=1.7.0\u0026ruleId=S122",
"isEnabledByDefault":  "False",
"isSuppressedInSource":  "False"
}
},
{
"ruleId":  "S122",
"locations":  [
{
"analysisTarget":  [
{
"uri":  "akka.net\\src\\contrib\\serializers\\Akka.Serialization.TestKit\\ImmutableMessage.cs",
"region":  {
"startLine":  23,
"startColumn":  12,
"endLine":  23,
"endColumn":  57
}
}
]
}
],
"shortMessage":  "Reformat the code to have only one statement per line.",
"fullMessage":  "For better readability, do not put more than one statement on a single line.",
"properties":  {
"severity":  "Warning",
"warningLevel":  "1",
"defaultSeverity":  "Warning",
"title":  "Statements should be on separate lines",
"category":  "Maintainability",
"helpLink":  "http://vs.sonarlint.org/rules/index.html#version=1.7.0\u0026ruleId=S122",
"isEnabledByDefault":  "False",
"isSuppressedInSource":  "False"
}
},
{
"ruleId":  "S122",
"locations":  [
{
"analysisTarget":  [
{
"uri":  "akka.net\\src\\contrib\\serializers\\Akka.Serialization.TestKit\\ImmutableMessageWithPrivateCtor.cs",
"region":  {
"startLine":  20,
"startColumn":  12,
"endLine":  20,
"endColumn":  57
}
}
]
}
],
"shortMessage":  "Reformat the code to have only one statement per line.",
"fullMessage":  "For better readability, do not put more than one statement on a single line.",
"properties":  {
"severity":  "Warning",
"warningLevel":  "1",
"defaultSeverity":  "Warning",
"title":  "Statements should be on separate lines",
"category":  "Maintainability",
"helpLink":  "http://vs.sonarlint.org/rules/index.html#version=1.7.0\u0026ruleId=S122",
"isEnabledByDefault":  "False",
"isSuppressedInSource":  "False"
}
},
{
"ruleId":  "S122",
"locations":  [
{
"analysisTarget":  [
{
"uri":  "akka.net\\src\\contrib\\serializers\\Akka.Serialization.TestKit\\ImmutableMessageWithPrivateCtor.cs",
"region":  {
"startLine":  21,
"startColumn":  12,
"endLine":  21,
"endColumn":  56
}
}
]
}
],
"shortMessage":  "Reformat the code to have only one statement per line.",
"fullMessage":  "For better readability, do not put more than one statement on a single line.",
"properties":  {
"severity":  "Warning",
"warningLevel":  "1",
"defaultSeverity":  "Warning",
"title":  "Statements should be on separate lines",
"category":  "Maintainability",
"helpLink":  "http://vs.sonarlint.org/rules/index.html#version=1.7.0\u0026ruleId=S122",
"isEnabledByDefault":  "False",
"isSuppressedInSource":  "False"
}
},
{
"ruleId":  "S122",
"locations":  [
{
"analysisTarget":  [
{
"uri":  "akka.net\\src\\contrib\\serializers\\Akka.Serialization.TestKit\\ImmutableMessageWithPrivateCtor.cs",
"region":  {
"startLine":  22,
"startColumn":  12,
"endLine":  22,
"endColumn":  57
}
}
]
}
],
"shortMessage":  "Reformat the code to have only one statement per line.",
"fullMessage":  "For better readability, do not put more than one statement on a single line.",
"properties":  {
"severity":  "Warning",
"warningLevel":  "1",
"defaultSeverity":  "Warning",
"title":  "Statements should be on separate lines",
"category":  "Maintainability",
"helpLink":  "http://vs.sonarlint.org/rules/index.html#version=1.7.0\u0026ruleId=S122",
"isEnabledByDefault":  "False",
"isSuppressedInSource":  "False"
}
},
{
"ruleId":  "S122",
"locations":  [
{
"analysisTarget":  [
{
"uri":  "akka.net\\src\\contrib\\serializers\\Akka.Serialization.TestKit\\UntypedContainerMessage.cs",
"region":  {
"startLine":  8,
"startColumn":  12,
"endLine":  8,
"endColumn":  59
}
}
]
}
],
"shortMessage":  "Reformat the code to have only one statement per line.",
"fullMessage":  "For better readability, do not put more than one statement on a single line.",
"properties":  {
"severity":  "Warning",
"warningLevel":  "1",
"defaultSeverity":  "Warning",
"title":  "Statements should be on separate lines",
"category":  "Maintainability",
"helpLink":  "http://vs.sonarlint.org/rules/index.html#version=1.7.0\u0026ruleId=S122",
"isEnabledByDefault":  "False",
"isSuppressedInSource":  "False"
}
},
{
"ruleId":  "S122",
"locations":  [
{
"analysisTarget":  [
{
"uri":  "akka.net\\src\\contrib\\serializers\\Akka.Serialization.TestKit\\UntypedContainerMessage.cs",
"region":  {
"startLine":  9,
"startColumn":  12,
"endLine":  9,
"endColumn":  58
}
}
]
}
],
"shortMessage":  "Reformat the code to have only one statement per line.",
"fullMessage":  "For better readability, do not put more than one statement on a single line.",
"properties":  {
"severity":  "Warning",
"warningLevel":  "1",
"defaultSeverity":  "Warning",
"title":  "Statements should be on separate lines",
"category":  "Maintainability",
"helpLink":  "http://vs.sonarlint.org/rules/index.html#version=1.7.0\u0026ruleId=S122",
"isEnabledByDefault":  "False",
"isSuppressedInSource":  "False"
}
},
{
"ruleId":  "S122",
"locations":  [
{
"analysisTarget":  [
{
"uri":  "akka.net\\src\\contrib\\serializers\\Akka.Serialization.TestKit\\UntypedContainerMessage.cs",
"region":  {
"startLine":  15,
"startColumn":  12,
"endLine":  15,
"endColumn":  57
}
}
]
}
],
"shortMessage":  "Reformat the code to have only one statement per line.",
"fullMessage":  "For better readability, do not put more than one statement on a single line.",
"properties":  {
"severity":  "Warning",
"warningLevel":  "1",
"defaultSeverity":  "Warning",
"title":  "Statements should be on separate lines",
"category":  "Maintainability",
"helpLink":  "http://vs.sonarlint.org/rules/index.html#version=1.7.0\u0026ruleId=S122",
"isEnabledByDefault":  "False",
"isSuppressedInSource":  "False"
}
},
{
"ruleId":  "S122",
"locations":  [
{
"analysisTarget":  [
{
"uri":  "akka.net\\src\\contrib\\serializers\\Akka.Serialization.TestKit\\UntypedContainerMessage.cs",
"region":  {
"startLine":  16,
"startColumn":  12,
"endLine":  16,
"endColumn":  56
}
}
]
}
],
"shortMessage":  "Reformat the code to have only one statement per line.",
"fullMessage":  "For better readability, do not put more than one statement on a single line.",
"properties":  {
"severity":  "Warning",
"warningLevel":  "1",
"defaultSeverity":  "Warning",
"title":  "Statements should be on separate lines",
"category":  "Maintainability",
"helpLink":  "http://vs.sonarlint.org/rules/index.html#version=1.7.0\u0026ruleId=S122",
"isEnabledByDefault":  "False",
"isSuppressedInSource":  "False"
}
},
{
"ruleId":  "S122",
"locations":  [
{
"analysisTarget":  [
{
"uri":  "akka.net\\src\\contrib\\serializers\\Akka.Serialization.TestKit\\UntypedContainerMessage.cs",
"region":  {
"startLine":  17,
"startColumn":  12,
"endLine":  17,
"endColumn":  62
}
}
]
}
],
"shortMessage":  "Reformat the code to have only one statement per line.",
"fullMessage":  "For better readability, do not put more than one statement on a single line.",
"properties":  {
"severity":  "Warning",
"warningLevel":  "1",
"defaultSeverity":  "Warning",
"title":  "Statements should be on separate lines",
"category":  "Maintainability",
"helpLink":  "http://vs.sonarlint.org/rules/index.html#version=1.7.0\u0026ruleId=S122",
"isEnabledByDefault":  "False",
"isSuppressedInSource":  "False"
}
}
]
}
