{
"version":  "0.1",
"toolInfo":  {
"toolName":  "Microsoft (R) Visual C# Compiler",
"productVersion":  "1.1.0",
"fileVersion":  "1.1.0"
},
"issues":  [
{
"ruleId":  "S1121",
"locations":  [
{
"analysisTarget":  [
{
"uri":  "akka.net\\src\\core\\Akka.Persistence\\Eventsourced.cs",
"region":  {
"startLine":  105,
"startColumn":  47,
"endLine":  105,
"endColumn":  48
}
}
]
}
],
"shortMessage":  "Extract the assignment of \"_journal\" from this expression.",
"fullMessage":  "Assignments within sub-expressions are hard to spot and therefore make the code less readable. It is also a common mistake to write \"=\" when \"==\" was meant. Ideally, expressions should nothave side-effects. Assignments inside lambda and delegate expressions are allowed.",
"properties":  {
"severity":  "Warning",
"warningLevel":  "1",
"defaultSeverity":  "Warning",
"title":  "Assignments should not be made from within sub-expressions",
"category":  "Reliability",
"helpLink":  "http://vs.sonarlint.org/rules/index.html#version=1.7.0\u0026ruleId=S1121",
"isEnabledByDefault":  "False",
"isSuppressedInSource":  "False"
}
},
{
"ruleId":  "S1121",
"locations":  [
{
"analysisTarget":  [
{
"uri":  "akka.net\\src\\core\\Akka.Persistence\\Eventsourced.cs",
"region":  {
"startLine":  110,
"startColumn":  59,
"endLine":  110,
"endColumn":  60
}
}
]
}
],
"shortMessage":  "Extract the assignment of \"_snapshotStore\" from this expression.",
"fullMessage":  "Assignments within sub-expressions are hard to spot and therefore make the code less readable. It is also a common mistake to write \"=\" when \"==\" was meant. Ideally, expressions should nothave side-effects. Assignments inside lambda and delegate expressions are allowed.",
"properties":  {
"severity":  "Warning",
"warningLevel":  "1",
"defaultSeverity":  "Warning",
"title":  "Assignments should not be made from within sub-expressions",
"category":  "Reliability",
"helpLink":  "http://vs.sonarlint.org/rules/index.html#version=1.7.0\u0026ruleId=S1121",
"isEnabledByDefault":  "False",
"isSuppressedInSource":  "False"
}
},
{
"ruleId":  "S1121",
"locations":  [
{
"analysisTarget":  [
{
"uri":  "akka.net\\src\\core\\Akka.Persistence\\Fsm\\PersistentFSMBase.cs",
"region":  {
"startLine":  124,
"startColumn":  55,
"endLine":  124,
"endColumn":  56
}
}
]
}
],
"shortMessage":  "Extract the assignment of \"_handleEvent\" from this expression.",
"fullMessage":  "Assignments within sub-expressions are hard to spot and therefore make the code less readable. It is also a common mistake to write \"=\" when \"==\" was meant. Ideally, expressions should nothave side-effects. Assignments inside lambda and delegate expressions are allowed.",
"properties":  {
"severity":  "Warning",
"warningLevel":  "1",
"defaultSeverity":  "Warning",
"title":  "Assignments should not be made from within sub-expressions",
"category":  "Reliability",
"helpLink":  "http://vs.sonarlint.org/rules/index.html#version=1.7.0\u0026ruleId=S1121",
"isEnabledByDefault":  "False",
"isSuppressedInSource":  "False"
}
},
{
"ruleId":  "S1121",
"locations":  [
{
"analysisTarget":  [
{
"uri":  "akka.net\\src\\core\\Akka.Persistence\\Journal\\AsyncWriteJournal.cs",
"region":  {
"startLine":  177,
"startColumn":  23,
"endLine":  177,
"endColumn":  24
}
}
]
}
],
"shortMessage":  "Extract the assignment of \"d\" from this expression.",
"fullMessage":  "Assignments within sub-expressions are hard to spot and therefore make the code less readable. It is also a common mistake to write \"=\" when \"==\" was meant. Ideally, expressions should nothave side-effects. Assignments inside lambda and delegate expressions are allowed.",
"properties":  {
"severity":  "Warning",
"warningLevel":  "1",
"defaultSeverity":  "Warning",
"title":  "Assignments should not be made from within sub-expressions",
"category":  "Reliability",
"helpLink":  "http://vs.sonarlint.org/rules/index.html#version=1.7.0\u0026ruleId=S1121",
"isEnabledByDefault":  "False",
"isSuppressedInSource":  "False"
}
},
{
"ruleId":  "S1121",
"locations":  [
{
"analysisTarget":  [
{
"uri":  "akka.net\\src\\core\\Akka.Persistence\\PersistentView.cs",
"region":  {
"startLine":  113,
"startColumn":  47,
"endLine":  113,
"endColumn":  48
}
}
]
}
],
"shortMessage":  "Extract the assignment of \"_journal\" from this expression.",
"fullMessage":  "Assignments within sub-expressions are hard to spot and therefore make the code less readable. It is also a common mistake to write \"=\" when \"==\" was meant. Ideally, expressions should nothave side-effects. Assignments inside lambda and delegate expressions are allowed.",
"properties":  {
"severity":  "Warning",
"warningLevel":  "1",
"defaultSeverity":  "Warning",
"title":  "Assignments should not be made from within sub-expressions",
"category":  "Reliability",
"helpLink":  "http://vs.sonarlint.org/rules/index.html#version=1.7.0\u0026ruleId=S1121",
"isEnabledByDefault":  "False",
"isSuppressedInSource":  "False"
}
},
{
"ruleId":  "S1121",
"locations":  [
{
"analysisTarget":  [
{
"uri":  "akka.net\\src\\core\\Akka.Persistence\\PersistentView.cs",
"region":  {
"startLine":  118,
"startColumn":  59,
"endLine":  118,
"endColumn":  60
}
}
]
}
],
"shortMessage":  "Extract the assignment of \"_snapshotStore\" from this expression.",
"fullMessage":  "Assignments within sub-expressions are hard to spot and therefore make the code less readable. It is also a common mistake to write \"=\" when \"==\" was meant. Ideally, expressions should nothave side-effects. Assignments inside lambda and delegate expressions are allowed.",
"properties":  {
"severity":  "Warning",
"warningLevel":  "1",
"defaultSeverity":  "Warning",
"title":  "Assignments should not be made from within sub-expressions",
"category":  "Reliability",
"helpLink":  "http://vs.sonarlint.org/rules/index.html#version=1.7.0\u0026ruleId=S1121",
"isEnabledByDefault":  "False",
"isSuppressedInSource":  "False"
}
},
{
"ruleId":  "S1121",
"locations":  [
{
"analysisTarget":  [
{
"uri":  "akka.net\\src\\core\\Akka.Persistence\\Serialization\\MessageSerializer.cs",
"region":  {
"startLine":  29,
"startColumn":  71,
"endLine":  29,
"endColumn":  72
}
}
]
}
],
"shortMessage":  "Extract the assignment of \"_transportInformation\" from this expression.",
"fullMessage":  "Assignments within sub-expressions are hard to spot and therefore make the code less readable. It is also a common mistake to write \"=\" when \"==\" was meant. Ideally, expressions should nothave side-effects. Assignments inside lambda and delegate expressions are allowed.",
"properties":  {
"severity":  "Warning",
"warningLevel":  "1",
"defaultSeverity":  "Warning",
"title":  "Assignments should not be made from within sub-expressions",
"category":  "Reliability",
"helpLink":  "http://vs.sonarlint.org/rules/index.html#version=1.7.0\u0026ruleId=S1121",
"isEnabledByDefault":  "False",
"isSuppressedInSource":  "False"
}
},
{
"ruleId":  "S1121",
"locations":  [
{
"analysisTarget":  [
{
"uri":  "akka.net\\src\\core\\Akka.Persistence\\Serialization\\SnapshotSerializer.cs",
"region":  {
"startLine":  52,
"startColumn":  71,
"endLine":  52,
"endColumn":  72
}
}
]
}
],
"shortMessage":  "Extract the assignment of \"_transportInformation\" from this expression.",
"fullMessage":  "Assignments within sub-expressions are hard to spot and therefore make the code less readable. It is also a common mistake to write \"=\" when \"==\" was meant. Ideally, expressions should nothave side-effects. Assignments inside lambda and delegate expressions are allowed.",
"properties":  {
"severity":  "Warning",
"warningLevel":  "1",
"defaultSeverity":  "Warning",
"title":  "Assignments should not be made from within sub-expressions",
"category":  "Reliability",
"helpLink":  "http://vs.sonarlint.org/rules/index.html#version=1.7.0\u0026ruleId=S1121",
"isEnabledByDefault":  "False",
"isSuppressedInSource":  "False"
}
},
{
"ruleId":  "S1121",
"locations":  [
{
"analysisTarget":  [
{
"uri":  "akka.net\\src\\core\\Akka.Persistence\\Serialization\\SnapshotSerializer.cs",
"region":  {
"startLine":  161,
"startColumn":  19,
"endLine":  161,
"endColumn":  20
}
}
]
}
],
"shortMessage":  "Extract the assignment of \"j\" from this expression.",
"fullMessage":  "Assignments within sub-expressions are hard to spot and therefore make the code less readable. It is also a common mistake to write \"=\" when \"==\" was meant. Ideally, expressions should nothave side-effects. Assignments inside lambda and delegate expressions are allowed.",
"properties":  {
"severity":  "Warning",
"warningLevel":  "1",
"defaultSeverity":  "Warning",
"title":  "Assignments should not be made from within sub-expressions",
"category":  "Reliability",
"helpLink":  "http://vs.sonarlint.org/rules/index.html#version=1.7.0\u0026ruleId=S1121",
"isEnabledByDefault":  "False",
"isSuppressedInSource":  "False"
}
},
{
"ruleId":  "S1121",
"locations":  [
{
"analysisTarget":  [
{
"uri":  "akka.net\\src\\core\\Akka.Persistence\\Serialization\\SnapshotSerializer.cs",
"region":  {
"startLine":  162,
"startColumn":  19,
"endLine":  162,
"endColumn":  20
}
}
]
}
],
"shortMessage":  "Extract the assignment of \"j\" from this expression.",
"fullMessage":  "Assignments within sub-expressions are hard to spot and therefore make the code less readable. It is also a common mistake to write \"=\" when \"==\" was meant. Ideally, expressions should nothave side-effects. Assignments inside lambda and delegate expressions are allowed.",
"properties":  {
"severity":  "Warning",
"warningLevel":  "1",
"defaultSeverity":  "Warning",
"title":  "Assignments should not be made from within sub-expressions",
"category":  "Reliability",
"helpLink":  "http://vs.sonarlint.org/rules/index.html#version=1.7.0\u0026ruleId=S1121",
"isEnabledByDefault":  "False",
"isSuppressedInSource":  "False"
}
},
{
"ruleId":  "S1121",
"locations":  [
{
"analysisTarget":  [
{
"uri":  "akka.net\\src\\core\\Akka.Persistence\\Serialization\\SnapshotSerializer.cs",
"region":  {
"startLine":  163,
"startColumn":  19,
"endLine":  163,
"endColumn":  20
}
}
]
}
],
"shortMessage":  "Extract the assignment of \"j\" from this expression.",
"fullMessage":  "Assignments within sub-expressions are hard to spot and therefore make the code less readable. It is also a common mistake to write \"=\" when \"==\" was meant. Ideally, expressions should nothave side-effects. Assignments inside lambda and delegate expressions are allowed.",
"properties":  {
"severity":  "Warning",
"warningLevel":  "1",
"defaultSeverity":  "Warning",
"title":  "Assignments should not be made from within sub-expressions",
"category":  "Reliability",
"helpLink":  "http://vs.sonarlint.org/rules/index.html#version=1.7.0\u0026ruleId=S1121",
"isEnabledByDefault":  "False",
"isSuppressedInSource":  "False"
}
},
{
"ruleId":  "S1121",
"locations":  [
{
"analysisTarget":  [
{
"uri":  "akka.net\\src\\core\\Akka.Persistence\\Serialization\\SnapshotSerializer.cs",
"region":  {
"startLine":  164,
"startColumn":  19,
"endLine":  164,
"endColumn":  20
}
}
]
}
],
"shortMessage":  "Extract the assignment of \"j\" from this expression.",
"fullMessage":  "Assignments within sub-expressions are hard to spot and therefore make the code less readable. It is also a common mistake to write \"=\" when \"==\" was meant. Ideally, expressions should nothave side-effects. Assignments inside lambda and delegate expressions are allowed.",
"properties":  {
"severity":  "Warning",
"warningLevel":  "1",
"defaultSeverity":  "Warning",
"title":  "Assignments should not be made from within sub-expressions",
"category":  "Reliability",
"helpLink":  "http://vs.sonarlint.org/rules/index.html#version=1.7.0\u0026ruleId=S1121",
"isEnabledByDefault":  "False",
"isSuppressedInSource":  "False"
}
},
{
"ruleId":  "S1121",
"locations":  [
{
"analysisTarget":  [
{
"uri":  "akka.net\\src\\core\\Akka.Persistence\\Snapshot\\LocalSnapshotStore.cs",
"region":  {
"startLine":  72,
"startColumn":  64,
"endLine":  72,
"endColumn":  65
}
}
]
}
],
"shortMessage":  "Extract the assignment of \"_log\" from this expression.",
"fullMessage":  "Assignments within sub-expressions are hard to spot and therefore make the code less readable. It is also a common mistake to write \"=\" when \"==\" was meant. Ideally, expressions should nothave side-effects. Assignments inside lambda and delegate expressions are allowed.",
"properties":  {
"severity":  "Warning",
"warningLevel":  "1",
"defaultSeverity":  "Warning",
"title":  "Assignments should not be made from within sub-expressions",
"category":  "Reliability",
"helpLink":  "http://vs.sonarlint.org/rules/index.html#version=1.7.0\u0026ruleId=S1121",
"isEnabledByDefault":  "False",
"isSuppressedInSource":  "False"
}
}
]
}
