{
"version":  "0.1",
"toolInfo":  {
"toolName":  "Microsoft (R) Visual C# Compiler",
"productVersion":  "1.1.0",
"fileVersion":  "1.1.0"
},
"issues":  [
{
"ruleId":  "S3240",
"locations":  [
{
"analysisTarget":  [
{
"uri":  "akka.net\\src\\core\\Akka.Remote\\AckedDelivery.cs",
"region":  {
"startLine":  146,
"startColumn":  16,
"endLine":  146,
"endColumn":  18
}
}
]
}
],
"shortMessage":  "Use the \"?:\" operator here.",
"fullMessage":  "In the interests of keeping code clean, the simplest possible conditional syntax should be used. That means using the \"??\" operator for an assign-if-not-null operator, and using the ternary operator \"?:\" for assignment to a single variable.",
"properties":  {
"severity":  "Warning",
"warningLevel":  "1",
"defaultSeverity":  "Warning",
"title":  "The simplest possible condition syntax should be used",
"category":  "Maintainability",
"helpLink":  "http://vs.sonarlint.org/rules/index.html#version=1.7.0\u0026ruleId=S3240",
"isEnabledByDefault":  "False",
"isSuppressedInSource":  "False",
"customProperties":  {
"isNullCoalescing":  "False"
}
}
},
{
"ruleId":  "S3240",
"locations":  [
{
"analysisTarget":  [
{
"uri":  "akka.net\\src\\core\\Akka.Remote\\Deadline.cs",
"region":  {
"startLine":  85,
"startColumn":  12,
"endLine":  85,
"endColumn":  14
}
}
]
}
],
"shortMessage":  "Use the \"?:\" operator here.",
"fullMessage":  "In the interests of keeping code clean, the simplest possible conditional syntax should be used. That means using the \"??\" operator for an assign-if-not-null operator, and using the ternary operator \"?:\" for assignment to a single variable.",
"properties":  {
"severity":  "Warning",
"warningLevel":  "1",
"defaultSeverity":  "Warning",
"title":  "The simplest possible condition syntax should be used",
"category":  "Maintainability",
"helpLink":  "http://vs.sonarlint.org/rules/index.html#version=1.7.0\u0026ruleId=S3240",
"isEnabledByDefault":  "False",
"isSuppressedInSource":  "False",
"customProperties":  {
"isNullCoalescing":  "False"
}
}
},
{
"ruleId":  "S3240",
"locations":  [
{
"analysisTarget":  [
{
"uri":  "akka.net\\src\\core\\Akka.Remote\\Endpoint.cs",
"region":  {
"startLine":  805,
"startColumn":  12,
"endLine":  805,
"endColumn":  14
}
}
]
}
],
"shortMessage":  "Use the \"?:\" operator here.",
"fullMessage":  "In the interests of keeping code clean, the simplest possible conditional syntax should be used. That means using the \"??\" operator for an assign-if-not-null operator, and using the ternary operator \"?:\" for assignment to a single variable.",
"properties":  {
"severity":  "Warning",
"warningLevel":  "1",
"defaultSeverity":  "Warning",
"title":  "The simplest possible condition syntax should be used",
"category":  "Maintainability",
"helpLink":  "http://vs.sonarlint.org/rules/index.html#version=1.7.0\u0026ruleId=S3240",
"isEnabledByDefault":  "False",
"isSuppressedInSource":  "False",
"customProperties":  {
"isNullCoalescing":  "False"
}
}
},
{
"ruleId":  "S3240",
"locations":  [
{
"analysisTarget":  [
{
"uri":  "akka.net\\src\\core\\Akka.Remote\\EndpointManager.cs",
"region":  {
"startLine":  308,
"startColumn":  16,
"endLine":  308,
"endColumn":  18
}
}
]
}
],
"shortMessage":  "Use the \"?:\" operator here.",
"fullMessage":  "In the interests of keeping code clean, the simplest possible conditional syntax should be used. That means using the \"??\" operator for an assign-if-not-null operator, and using the ternary operator \"?:\" for assignment to a single variable.",
"properties":  {
"severity":  "Warning",
"warningLevel":  "1",
"defaultSeverity":  "Warning",
"title":  "The simplest possible condition syntax should be used",
"category":  "Maintainability",
"helpLink":  "http://vs.sonarlint.org/rules/index.html#version=1.7.0\u0026ruleId=S3240",
"isEnabledByDefault":  "False",
"isSuppressedInSource":  "False",
"customProperties":  {
"isNullCoalescing":  "False"
}
}
},
{
"ruleId":  "S3240",
"locations":  [
{
"analysisTarget":  [
{
"uri":  "akka.net\\src\\core\\Akka.Remote\\EndpointManager.cs",
"region":  {
"startLine":  821,
"startColumn":  12,
"endLine":  821,
"endColumn":  14
}
}
]
}
],
"shortMessage":  "Use the \"?:\" operator here.",
"fullMessage":  "In the interests of keeping code clean, the simplest possible conditional syntax should be used. That means using the \"??\" operator for an assign-if-not-null operator, and using the ternary operator \"?:\" for assignment to a single variable.",
"properties":  {
"severity":  "Warning",
"warningLevel":  "1",
"defaultSeverity":  "Warning",
"title":  "The simplest possible condition syntax should be used",
"category":  "Maintainability",
"helpLink":  "http://vs.sonarlint.org/rules/index.html#version=1.7.0\u0026ruleId=S3240",
"isEnabledByDefault":  "False",
"isSuppressedInSource":  "False",
"customProperties":  {
"isNullCoalescing":  "False"
}
}
},
{
"ruleId":  "S3240",
"locations":  [
{
"analysisTarget":  [
{
"uri":  "akka.net\\src\\core\\Akka.Remote\\PhiAccrualFailureDetector.cs",
"region":  {
"startLine":  159,
"startColumn":  16,
"endLine":  159,
"endColumn":  18
}
}
]
}
],
"shortMessage":  "Use the \"?:\" operator here.",
"fullMessage":  "In the interests of keeping code clean, the simplest possible conditional syntax should be used. That means using the \"??\" operator for an assign-if-not-null operator, and using the ternary operator \"?:\" for assignment to a single variable.",
"properties":  {
"severity":  "Warning",
"warningLevel":  "1",
"defaultSeverity":  "Warning",
"title":  "The simplest possible condition syntax should be used",
"category":  "Maintainability",
"helpLink":  "http://vs.sonarlint.org/rules/index.html#version=1.7.0\u0026ruleId=S3240",
"isEnabledByDefault":  "False",
"isSuppressedInSource":  "False",
"customProperties":  {
"isNullCoalescing":  "False"
}
}
},
{
"ruleId":  "S3240",
"locations":  [
{
"analysisTarget":  [
{
"uri":  "akka.net\\src\\core\\Akka.Remote\\PhiAccrualFailureDetector.cs",
"region":  {
"startLine":  210,
"startColumn":  12,
"endLine":  210,
"endColumn":  14
}
}
]
}
],
"shortMessage":  "Use the \"?:\" operator here.",
"fullMessage":  "In the interests of keeping code clean, the simplest possible conditional syntax should be used. That means using the \"??\" operator for an assign-if-not-null operator, and using the ternary operator \"?:\" for assignment to a single variable.",
"properties":  {
"severity":  "Warning",
"warningLevel":  "1",
"defaultSeverity":  "Warning",
"title":  "The simplest possible condition syntax should be used",
"category":  "Maintainability",
"helpLink":  "http://vs.sonarlint.org/rules/index.html#version=1.7.0\u0026ruleId=S3240",
"isEnabledByDefault":  "False",
"isSuppressedInSource":  "False",
"customProperties":  {
"isNullCoalescing":  "False"
}
}
},
{
"ruleId":  "S3240",
"locations":  [
{
"analysisTarget":  [
{
"uri":  "akka.net\\src\\core\\Akka.Remote\\PhiAccrualFailureDetector.cs",
"region":  {
"startLine":  280,
"startColumn":  12,
"endLine":  280,
"endColumn":  14
}
}
]
}
],
"shortMessage":  "Use the \"?:\" operator here.",
"fullMessage":  "In the interests of keeping code clean, the simplest possible conditional syntax should be used. That means using the \"??\" operator for an assign-if-not-null operator, and using the ternary operator \"?:\" for assignment to a single variable.",
"properties":  {
"severity":  "Warning",
"warningLevel":  "1",
"defaultSeverity":  "Warning",
"title":  "The simplest possible condition syntax should be used",
"category":  "Maintainability",
"helpLink":  "http://vs.sonarlint.org/rules/index.html#version=1.7.0\u0026ruleId=S3240",
"isEnabledByDefault":  "False",
"isSuppressedInSource":  "False",
"customProperties":  {
"isNullCoalescing":  "False"
}
}
},
{
"ruleId":  "S3240",
"locations":  [
{
"analysisTarget":  [
{
"uri":  "akka.net\\src\\core\\Akka.Remote\\RemoteSettings.cs",
"region":  {
"startLine":  24,
"startColumn":  12,
"endLine":  24,
"endColumn":  14
}
}
]
}
],
"shortMessage":  "Use the \"?:\" operator here.",
"fullMessage":  "In the interests of keeping code clean, the simplest possible conditional syntax should be used. That means using the \"??\" operator for an assign-if-not-null operator, and using the ternary operator \"?:\" for assignment to a single variable.",
"properties":  {
"severity":  "Warning",
"warningLevel":  "1",
"defaultSeverity":  "Warning",
"title":  "The simplest possible condition syntax should be used",
"category":  "Maintainability",
"helpLink":  "http://vs.sonarlint.org/rules/index.html#version=1.7.0\u0026ruleId=S3240",
"isEnabledByDefault":  "False",
"isSuppressedInSource":  "False",
"customProperties":  {
"isNullCoalescing":  "False"
}
}
},
{
"ruleId":  "S3240",
"locations":  [
{
"analysisTarget":  [
{
"uri":  "akka.net\\src\\core\\Akka.Remote\\RemoteWatcher.cs",
"region":  {
"startLine":  345,
"startColumn":  12,
"endLine":  345,
"endColumn":  14
}
}
]
}
],
"shortMessage":  "Use the \"?:\" operator here.",
"fullMessage":  "In the interests of keeping code clean, the simplest possible conditional syntax should be used. That means using the \"??\" operator for an assign-if-not-null operator, and using the ternary operator \"?:\" for assignment to a single variable.",
"properties":  {
"severity":  "Warning",
"warningLevel":  "1",
"defaultSeverity":  "Warning",
"title":  "The simplest possible condition syntax should be used",
"category":  "Maintainability",
"helpLink":  "http://vs.sonarlint.org/rules/index.html#version=1.7.0\u0026ruleId=S3240",
"isEnabledByDefault":  "False",
"isSuppressedInSource":  "False",
"customProperties":  {
"isNullCoalescing":  "False"
}
}
},
{
"ruleId":  "S3240",
"locations":  [
{
"analysisTarget":  [
{
"uri":  "akka.net\\src\\core\\Akka.Remote\\Serialization\\DaemonMsgCreateSerializer.cs",
"region":  {
"startLine":  176,
"startColumn":  12,
"endLine":  176,
"endColumn":  14
}
}
]
}
],
"shortMessage":  "Use the \"?:\" operator here.",
"fullMessage":  "In the interests of keeping code clean, the simplest possible conditional syntax should be used. That means using the \"??\" operator for an assign-if-not-null operator, and using the ternary operator \"?:\" for assignment to a single variable.",
"properties":  {
"severity":  "Warning",
"warningLevel":  "1",
"defaultSeverity":  "Warning",
"title":  "The simplest possible condition syntax should be used",
"category":  "Maintainability",
"helpLink":  "http://vs.sonarlint.org/rules/index.html#version=1.7.0\u0026ruleId=S3240",
"isEnabledByDefault":  "False",
"isSuppressedInSource":  "False",
"customProperties":  {
"isNullCoalescing":  "False"
}
}
},
{
"ruleId":  "S3240",
"locations":  [
{
"analysisTarget":  [
{
"uri":  "akka.net\\src\\core\\Akka.Remote\\Serialization\\DaemonMsgCreateSerializer.cs",
"region":  {
"startLine":  182,
"startColumn":  12,
"endLine":  182,
"endColumn":  14
}
}
]
}
],
"shortMessage":  "Use the \"?:\" operator here.",
"fullMessage":  "In the interests of keeping code clean, the simplest possible conditional syntax should be used. That means using the \"??\" operator for an assign-if-not-null operator, and using the ternary operator \"?:\" for assignment to a single variable.",
"properties":  {
"severity":  "Warning",
"warningLevel":  "1",
"defaultSeverity":  "Warning",
"title":  "The simplest possible condition syntax should be used",
"category":  "Maintainability",
"helpLink":  "http://vs.sonarlint.org/rules/index.html#version=1.7.0\u0026ruleId=S3240",
"isEnabledByDefault":  "False",
"isSuppressedInSource":  "False",
"customProperties":  {
"isNullCoalescing":  "False"
}
}
},
{
"ruleId":  "S3240",
"locations":  [
{
"analysisTarget":  [
{
"uri":  "akka.net\\src\\core\\Akka.Remote\\Serialization\\DaemonMsgCreateSerializer.cs",
"region":  {
"startLine":  188,
"startColumn":  12,
"endLine":  188,
"endColumn":  14
}
}
]
}
],
"shortMessage":  "Use the \"?:\" operator here.",
"fullMessage":  "In the interests of keeping code clean, the simplest possible conditional syntax should be used. That means using the \"??\" operator for an assign-if-not-null operator, and using the ternary operator \"?:\" for assignment to a single variable.",
"properties":  {
"severity":  "Warning",
"warningLevel":  "1",
"defaultSeverity":  "Warning",
"title":  "The simplest possible condition syntax should be used",
"category":  "Maintainability",
"helpLink":  "http://vs.sonarlint.org/rules/index.html#version=1.7.0\u0026ruleId=S3240",
"isEnabledByDefault":  "False",
"isSuppressedInSource":  "False",
"customProperties":  {
"isNullCoalescing":  "False"
}
}
},
{
"ruleId":  "S3240",
"locations":  [
{
"analysisTarget":  [
{
"uri":  "akka.net\\src\\core\\Akka.Remote\\Serialization\\DaemonMsgCreateSerializer.cs",
"region":  {
"startLine":  194,
"startColumn":  12,
"endLine":  194,
"endColumn":  14
}
}
]
}
],
"shortMessage":  "Use the \"?:\" operator here.",
"fullMessage":  "In the interests of keeping code clean, the simplest possible conditional syntax should be used. That means using the \"??\" operator for an assign-if-not-null operator, and using the ternary operator \"?:\" for assignment to a single variable.",
"properties":  {
"severity":  "Warning",
"warningLevel":  "1",
"defaultSeverity":  "Warning",
"title":  "The simplest possible condition syntax should be used",
"category":  "Maintainability",
"helpLink":  "http://vs.sonarlint.org/rules/index.html#version=1.7.0\u0026ruleId=S3240",
"isEnabledByDefault":  "False",
"isSuppressedInSource":  "False",
"customProperties":  {
"isNullCoalescing":  "False"
}
}
},
{
"ruleId":  "S3240",
"locations":  [
{
"analysisTarget":  [
{
"uri":  "akka.net\\src\\core\\Akka.Remote\\Transport\\AkkaProtocolTransport.cs",
"region":  {
"startLine":  781,
"startColumn":  20,
"endLine":  781,
"endColumn":  22
}
}
]
}
],
"shortMessage":  "Use the \"?:\" operator here.",
"fullMessage":  "In the interests of keeping code clean, the simplest possible conditional syntax should be used. That means using the \"??\" operator for an assign-if-not-null operator, and using the ternary operator \"?:\" for assignment to a single variable.",
"properties":  {
"severity":  "Warning",
"warningLevel":  "1",
"defaultSeverity":  "Warning",
"title":  "The simplest possible condition syntax should be used",
"category":  "Maintainability",
"helpLink":  "http://vs.sonarlint.org/rules/index.html#version=1.7.0\u0026ruleId=S3240",
"isEnabledByDefault":  "False",
"isSuppressedInSource":  "False",
"customProperties":  {
"isNullCoalescing":  "False"
}
}
},
{
"ruleId":  "S3240",
"locations":  [
{
"analysisTarget":  [
{
"uri":  "akka.net\\src\\core\\Akka.Remote\\Transport\\AkkaProtocolTransport.cs",
"region":  {
"startLine":  796,
"startColumn":  20,
"endLine":  796,
"endColumn":  22
}
}
]
}
],
"shortMessage":  "Use the \"?:\" operator here.",
"fullMessage":  "In the interests of keeping code clean, the simplest possible conditional syntax should be used. That means using the \"??\" operator for an assign-if-not-null operator, and using the ternary operator \"?:\" for assignment to a single variable.",
"properties":  {
"severity":  "Warning",
"warningLevel":  "1",
"defaultSeverity":  "Warning",
"title":  "The simplest possible condition syntax should be used",
"category":  "Maintainability",
"helpLink":  "http://vs.sonarlint.org/rules/index.html#version=1.7.0\u0026ruleId=S3240",
"isEnabledByDefault":  "False",
"isSuppressedInSource":  "False",
"customProperties":  {
"isNullCoalescing":  "False"
}
}
},
{
"ruleId":  "S3240",
"locations":  [
{
"analysisTarget":  [
{
"uri":  "akka.net\\src\\core\\Akka.Remote\\Transport\\ThrottleTransportAdapter.cs",
"region":  {
"startLine":  401,
"startColumn":  12,
"endLine":  401,
"endColumn":  14
}
}
]
}
],
"shortMessage":  "Use the \"?:\" operator here.",
"fullMessage":  "In the interests of keeping code clean, the simplest possible conditional syntax should be used. That means using the \"??\" operator for an assign-if-not-null operator, and using the ternary operator \"?:\" for assignment to a single variable.",
"properties":  {
"severity":  "Warning",
"warningLevel":  "1",
"defaultSeverity":  "Warning",
"title":  "The simplest possible condition syntax should be used",
"category":  "Maintainability",
"helpLink":  "http://vs.sonarlint.org/rules/index.html#version=1.7.0\u0026ruleId=S3240",
"isEnabledByDefault":  "False",
"isSuppressedInSource":  "False",
"customProperties":  {
"isNullCoalescing":  "False"
}
}
},
{
"ruleId":  "S3240",
"locations":  [
{
"analysisTarget":  [
{
"uri":  "akka.net\\src\\core\\Akka.Remote\\Transport\\ThrottleTransportAdapter.cs",
"region":  {
"startLine":  410,
"startColumn":  12,
"endLine":  410,
"endColumn":  14
}
}
]
}
],
"shortMessage":  "Use the \"?:\" operator here.",
"fullMessage":  "In the interests of keeping code clean, the simplest possible conditional syntax should be used. That means using the \"??\" operator for an assign-if-not-null operator, and using the ternary operator \"?:\" for assignment to a single variable.",
"properties":  {
"severity":  "Warning",
"warningLevel":  "1",
"defaultSeverity":  "Warning",
"title":  "The simplest possible condition syntax should be used",
"category":  "Maintainability",
"helpLink":  "http://vs.sonarlint.org/rules/index.html#version=1.7.0\u0026ruleId=S3240",
"isEnabledByDefault":  "False",
"isSuppressedInSource":  "False",
"customProperties":  {
"isNullCoalescing":  "False"
}
}
}
]
}
