{
"version":  "0.1",
"toolInfo":  {
"toolName":  "Microsoft (R) Visual C# Compiler",
"productVersion":  "1.1.0",
"fileVersion":  "1.1.0"
},
"issues":  [
{
"ruleId":  "S818",
"locations":  [
{
"analysisTarget":  [
{
"uri":  "akka.net\\src\\core\\Akka.Cluster.Tests\\EWMASpec.cs",
"region":  {
"startLine":  28,
"startColumn":  35,
"endLine":  28,
"endColumn":  36
}
}
]
}
],
"shortMessage":  "Upper case this literal suffix.",
"fullMessage":  "Using upper case literal suffixes removes the potential ambiguity between \"1\" (digit 1) and \"l\" (letter el) for declaring literals.",
"properties":  {
"severity":  "Warning",
"warningLevel":  "1",
"defaultSeverity":  "Warning",
"title":  "Literal suffixes should be upper case",
"category":  "Maintainability",
"helpLink":  "http://vs.sonarlint.org/rules/index.html#version=1.7.0\u0026ruleId=S818",
"isEnabledByDefault":  "False",
"isSuppressedInSource":  "False"
}
},
{
"ruleId":  "S818",
"locations":  [
{
"analysisTarget":  [
{
"uri":  "akka.net\\src\\core\\Akka.Cluster.Tests\\EWMASpec.cs",
"region":  {
"startLine":  37,
"startColumn":  30,
"endLine":  37,
"endColumn":  31
}
}
]
}
],
"shortMessage":  "Upper case this literal suffix.",
"fullMessage":  "Using upper case literal suffixes removes the potential ambiguity between \"1\" (digit 1) and \"l\" (letter el) for declaring literals.",
"properties":  {
"severity":  "Warning",
"warningLevel":  "1",
"defaultSeverity":  "Warning",
"title":  "Literal suffixes should be upper case",
"category":  "Maintainability",
"helpLink":  "http://vs.sonarlint.org/rules/index.html#version=1.7.0\u0026ruleId=S818",
"isEnabledByDefault":  "False",
"isSuppressedInSource":  "False"
}
},
{
"ruleId":  "S818",
"locations":  [
{
"analysisTarget":  [
{
"uri":  "akka.net\\src\\core\\Akka.Cluster.Tests\\EWMASpec.cs",
"region":  {
"startLine":  39,
"startColumn":  30,
"endLine":  39,
"endColumn":  31
}
}
]
}
],
"shortMessage":  "Upper case this literal suffix.",
"fullMessage":  "Using upper case literal suffixes removes the potential ambiguity between \"1\" (digit 1) and \"l\" (letter el) for declaring literals.",
"properties":  {
"severity":  "Warning",
"warningLevel":  "1",
"defaultSeverity":  "Warning",
"title":  "Literal suffixes should be upper case",
"category":  "Maintainability",
"helpLink":  "http://vs.sonarlint.org/rules/index.html#version=1.7.0\u0026ruleId=S818",
"isEnabledByDefault":  "False",
"isSuppressedInSource":  "False"
}
},
{
"ruleId":  "S818",
"locations":  [
{
"analysisTarget":  [
{
"uri":  "akka.net\\src\\core\\Akka.Cluster.Tests\\EWMASpec.cs",
"region":  {
"startLine":  41,
"startColumn":  30,
"endLine":  41,
"endColumn":  31
}
}
]
}
],
"shortMessage":  "Upper case this literal suffix.",
"fullMessage":  "Using upper case literal suffixes removes the potential ambiguity between \"1\" (digit 1) and \"l\" (letter el) for declaring literals.",
"properties":  {
"severity":  "Warning",
"warningLevel":  "1",
"defaultSeverity":  "Warning",
"title":  "Literal suffixes should be upper case",
"category":  "Maintainability",
"helpLink":  "http://vs.sonarlint.org/rules/index.html#version=1.7.0\u0026ruleId=S818",
"isEnabledByDefault":  "False",
"isSuppressedInSource":  "False"
}
},
{
"ruleId":  "S818",
"locations":  [
{
"analysisTarget":  [
{
"uri":  "akka.net\\src\\core\\Akka.Cluster.Tests\\EWMASpec.cs",
"region":  {
"startLine":  43,
"startColumn":  30,
"endLine":  43,
"endColumn":  31
}
}
]
}
],
"shortMessage":  "Upper case this literal suffix.",
"fullMessage":  "Using upper case literal suffixes removes the potential ambiguity between \"1\" (digit 1) and \"l\" (letter el) for declaring literals.",
"properties":  {
"severity":  "Warning",
"warningLevel":  "1",
"defaultSeverity":  "Warning",
"title":  "Literal suffixes should be upper case",
"category":  "Maintainability",
"helpLink":  "http://vs.sonarlint.org/rules/index.html#version=1.7.0\u0026ruleId=S818",
"isEnabledByDefault":  "False",
"isSuppressedInSource":  "False"
}
},
{
"ruleId":  "S818",
"locations":  [
{
"analysisTarget":  [
{
"uri":  "akka.net\\src\\core\\Akka.Cluster.Tests\\EWMASpec.cs",
"region":  {
"startLine":  48,
"startColumn":  30,
"endLine":  48,
"endColumn":  31
}
}
]
}
],
"shortMessage":  "Upper case this literal suffix.",
"fullMessage":  "Using upper case literal suffixes removes the potential ambiguity between \"1\" (digit 1) and \"l\" (letter el) for declaring literals.",
"properties":  {
"severity":  "Warning",
"warningLevel":  "1",
"defaultSeverity":  "Warning",
"title":  "Literal suffixes should be upper case",
"category":  "Maintainability",
"helpLink":  "http://vs.sonarlint.org/rules/index.html#version=1.7.0\u0026ruleId=S818",
"isEnabledByDefault":  "False",
"isSuppressedInSource":  "False"
}
},
{
"ruleId":  "S818",
"locations":  [
{
"analysisTarget":  [
{
"uri":  "akka.net\\src\\core\\Akka.Cluster.Tests\\EWMASpec.cs",
"region":  {
"startLine":  57,
"startColumn":  29,
"endLine":  57,
"endColumn":  30
}
}
]
}
],
"shortMessage":  "Upper case this literal suffix.",
"fullMessage":  "Using upper case literal suffixes removes the potential ambiguity between \"1\" (digit 1) and \"l\" (letter el) for declaring literals.",
"properties":  {
"severity":  "Warning",
"warningLevel":  "1",
"defaultSeverity":  "Warning",
"title":  "Literal suffixes should be upper case",
"category":  "Maintainability",
"helpLink":  "http://vs.sonarlint.org/rules/index.html#version=1.7.0\u0026ruleId=S818",
"isEnabledByDefault":  "False",
"isSuppressedInSource":  "False"
}
},
{
"ruleId":  "S818",
"locations":  [
{
"analysisTarget":  [
{
"uri":  "akka.net\\src\\core\\Akka.Cluster.Tests\\EWMASpec.cs",
"region":  {
"startLine":  59,
"startColumn":  30,
"endLine":  59,
"endColumn":  31
}
}
]
}
],
"shortMessage":  "Upper case this literal suffix.",
"fullMessage":  "Using upper case literal suffixes removes the potential ambiguity between \"1\" (digit 1) and \"l\" (letter el) for declaring literals.",
"properties":  {
"severity":  "Warning",
"warningLevel":  "1",
"defaultSeverity":  "Warning",
"title":  "Literal suffixes should be upper case",
"category":  "Maintainability",
"helpLink":  "http://vs.sonarlint.org/rules/index.html#version=1.7.0\u0026ruleId=S818",
"isEnabledByDefault":  "False",
"isSuppressedInSource":  "False"
}
},
{
"ruleId":  "S818",
"locations":  [
{
"analysisTarget":  [
{
"uri":  "akka.net\\src\\core\\Akka.Cluster.Tests\\EWMASpec.cs",
"region":  {
"startLine":  61,
"startColumn":  30,
"endLine":  61,
"endColumn":  31
}
}
]
}
],
"shortMessage":  "Upper case this literal suffix.",
"fullMessage":  "Using upper case literal suffixes removes the potential ambiguity between \"1\" (digit 1) and \"l\" (letter el) for declaring literals.",
"properties":  {
"severity":  "Warning",
"warningLevel":  "1",
"defaultSeverity":  "Warning",
"title":  "Literal suffixes should be upper case",
"category":  "Maintainability",
"helpLink":  "http://vs.sonarlint.org/rules/index.html#version=1.7.0\u0026ruleId=S818",
"isEnabledByDefault":  "False",
"isSuppressedInSource":  "False"
}
},
{
"ruleId":  "S818",
"locations":  [
{
"analysisTarget":  [
{
"uri":  "akka.net\\src\\core\\Akka.Cluster.Tests\\EWMASpec.cs",
"region":  {
"startLine":  83,
"startColumn":  36,
"endLine":  83,
"endColumn":  37
}
}
]
}
],
"shortMessage":  "Upper case this literal suffix.",
"fullMessage":  "Using upper case literal suffixes removes the potential ambiguity between \"1\" (digit 1) and \"l\" (letter el) for declaring literals.",
"properties":  {
"severity":  "Warning",
"warningLevel":  "1",
"defaultSeverity":  "Warning",
"title":  "Literal suffixes should be upper case",
"category":  "Maintainability",
"helpLink":  "http://vs.sonarlint.org/rules/index.html#version=1.7.0\u0026ruleId=S818",
"isEnabledByDefault":  "False",
"isSuppressedInSource":  "False"
}
},
{
"ruleId":  "S818",
"locations":  [
{
"analysisTarget":  [
{
"uri":  "akka.net\\src\\core\\Akka.Cluster.Tests\\EWMASpec.cs",
"region":  {
"startLine":  84,
"startColumn":  36,
"endLine":  84,
"endColumn":  37
}
}
]
}
],
"shortMessage":  "Upper case this literal suffix.",
"fullMessage":  "Using upper case literal suffixes removes the potential ambiguity between \"1\" (digit 1) and \"l\" (letter el) for declaring literals.",
"properties":  {
"severity":  "Warning",
"warningLevel":  "1",
"defaultSeverity":  "Warning",
"title":  "Literal suffixes should be upper case",
"category":  "Maintainability",
"helpLink":  "http://vs.sonarlint.org/rules/index.html#version=1.7.0\u0026ruleId=S818",
"isEnabledByDefault":  "False",
"isSuppressedInSource":  "False"
}
},
{
"ruleId":  "S818",
"locations":  [
{
"analysisTarget":  [
{
"uri":  "akka.net\\src\\core\\Akka.Cluster.Tests\\EWMASpec.cs",
"region":  {
"startLine":  85,
"startColumn":  36,
"endLine":  85,
"endColumn":  37
}
}
]
}
],
"shortMessage":  "Upper case this literal suffix.",
"fullMessage":  "Using upper case literal suffixes removes the potential ambiguity between \"1\" (digit 1) and \"l\" (letter el) for declaring literals.",
"properties":  {
"severity":  "Warning",
"warningLevel":  "1",
"defaultSeverity":  "Warning",
"title":  "Literal suffixes should be upper case",
"category":  "Maintainability",
"helpLink":  "http://vs.sonarlint.org/rules/index.html#version=1.7.0\u0026ruleId=S818",
"isEnabledByDefault":  "False",
"isSuppressedInSource":  "False"
}
},
{
"ruleId":  "S818",
"locations":  [
{
"analysisTarget":  [
{
"uri":  "akka.net\\src\\core\\Akka.Cluster.Tests\\EWMASpec.cs",
"region":  {
"startLine":  85,
"startColumn":  61,
"endLine":  85,
"endColumn":  62
}
}
]
}
],
"shortMessage":  "Upper case this literal suffix.",
"fullMessage":  "Using upper case literal suffixes removes the potential ambiguity between \"1\" (digit 1) and \"l\" (letter el) for declaring literals.",
"properties":  {
"severity":  "Warning",
"warningLevel":  "1",
"defaultSeverity":  "Warning",
"title":  "Literal suffixes should be upper case",
"category":  "Maintainability",
"helpLink":  "http://vs.sonarlint.org/rules/index.html#version=1.7.0\u0026ruleId=S818",
"isEnabledByDefault":  "False",
"isSuppressedInSource":  "False"
}
},
{
"ruleId":  "S818",
"locations":  [
{
"analysisTarget":  [
{
"uri":  "akka.net\\src\\core\\Akka.Cluster.Tests\\EWMASpec.cs",
"region":  {
"startLine":  92,
"startColumn":  36,
"endLine":  92,
"endColumn":  37
}
}
]
}
],
"shortMessage":  "Upper case this literal suffix.",
"fullMessage":  "Using upper case literal suffixes removes the potential ambiguity between \"1\" (digit 1) and \"l\" (letter el) for declaring literals.",
"properties":  {
"severity":  "Warning",
"warningLevel":  "1",
"defaultSeverity":  "Warning",
"title":  "Literal suffixes should be upper case",
"category":  "Maintainability",
"helpLink":  "http://vs.sonarlint.org/rules/index.html#version=1.7.0\u0026ruleId=S818",
"isEnabledByDefault":  "False",
"isSuppressedInSource":  "False"
}
},
{
"ruleId":  "S818",
"locations":  [
{
"analysisTarget":  [
{
"uri":  "akka.net\\src\\core\\Akka.Cluster.Tests\\EWMASpec.cs",
"region":  {
"startLine":  93,
"startColumn":  36,
"endLine":  93,
"endColumn":  37
}
}
]
}
],
"shortMessage":  "Upper case this literal suffix.",
"fullMessage":  "Using upper case literal suffixes removes the potential ambiguity between \"1\" (digit 1) and \"l\" (letter el) for declaring literals.",
"properties":  {
"severity":  "Warning",
"warningLevel":  "1",
"defaultSeverity":  "Warning",
"title":  "Literal suffixes should be upper case",
"category":  "Maintainability",
"helpLink":  "http://vs.sonarlint.org/rules/index.html#version=1.7.0\u0026ruleId=S818",
"isEnabledByDefault":  "False",
"isSuppressedInSource":  "False"
}
},
{
"ruleId":  "S818",
"locations":  [
{
"analysisTarget":  [
{
"uri":  "akka.net\\src\\core\\Akka.Cluster.Tests\\EWMASpec.cs",
"region":  {
"startLine":  94,
"startColumn":  36,
"endLine":  94,
"endColumn":  37
}
}
]
}
],
"shortMessage":  "Upper case this literal suffix.",
"fullMessage":  "Using upper case literal suffixes removes the potential ambiguity between \"1\" (digit 1) and \"l\" (letter el) for declaring literals.",
"properties":  {
"severity":  "Warning",
"warningLevel":  "1",
"defaultSeverity":  "Warning",
"title":  "Literal suffixes should be upper case",
"category":  "Maintainability",
"helpLink":  "http://vs.sonarlint.org/rules/index.html#version=1.7.0\u0026ruleId=S818",
"isEnabledByDefault":  "False",
"isSuppressedInSource":  "False"
}
},
{
"ruleId":  "S818",
"locations":  [
{
"analysisTarget":  [
{
"uri":  "akka.net\\src\\core\\Akka.Cluster.Tests\\EWMASpec.cs",
"region":  {
"startLine":  94,
"startColumn":  61,
"endLine":  94,
"endColumn":  62
}
}
]
}
],
"shortMessage":  "Upper case this literal suffix.",
"fullMessage":  "Using upper case literal suffixes removes the potential ambiguity between \"1\" (digit 1) and \"l\" (letter el) for declaring literals.",
"properties":  {
"severity":  "Warning",
"warningLevel":  "1",
"defaultSeverity":  "Warning",
"title":  "Literal suffixes should be upper case",
"category":  "Maintainability",
"helpLink":  "http://vs.sonarlint.org/rules/index.html#version=1.7.0\u0026ruleId=S818",
"isEnabledByDefault":  "False",
"isSuppressedInSource":  "False"
}
},
{
"ruleId":  "S818",
"locations":  [
{
"analysisTarget":  [
{
"uri":  "akka.net\\src\\core\\Akka.Cluster.Tests\\MetricValuesSpec.cs",
"region":  {
"startLine":  66,
"startColumn":  77,
"endLine":  66,
"endColumn":  78
}
}
]
}
],
"shortMessage":  "Upper case this literal suffix.",
"fullMessage":  "Using upper case literal suffixes removes the potential ambiguity between \"1\" (digit 1) and \"l\" (letter el) for declaring literals.",
"properties":  {
"severity":  "Warning",
"warningLevel":  "1",
"defaultSeverity":  "Warning",
"title":  "Literal suffixes should be upper case",
"category":  "Maintainability",
"helpLink":  "http://vs.sonarlint.org/rules/index.html#version=1.7.0\u0026ruleId=S818",
"isEnabledByDefault":  "False",
"isSuppressedInSource":  "False"
}
},
{
"ruleId":  "S818",
"locations":  [
{
"analysisTarget":  [
{
"uri":  "akka.net\\src\\core\\Akka.Cluster.Tests\\MetricValuesSpec.cs",
"region":  {
"startLine":  69,
"startColumn":  71,
"endLine":  69,
"endColumn":  72
}
}
]
}
],
"shortMessage":  "Upper case this literal suffix.",
"fullMessage":  "Using upper case literal suffixes removes the potential ambiguity between \"1\" (digit 1) and \"l\" (letter el) for declaring literals.",
"properties":  {
"severity":  "Warning",
"warningLevel":  "1",
"defaultSeverity":  "Warning",
"title":  "Literal suffixes should be upper case",
"category":  "Maintainability",
"helpLink":  "http://vs.sonarlint.org/rules/index.html#version=1.7.0\u0026ruleId=S818",
"isEnabledByDefault":  "False",
"isSuppressedInSource":  "False"
}
},
{
"ruleId":  "S818",
"locations":  [
{
"analysisTarget":  [
{
"uri":  "akka.net\\src\\core\\Akka.Cluster.Tests\\MetricValuesSpec.cs",
"region":  {
"startLine":  70,
"startColumn":  71,
"endLine":  70,
"endColumn":  72
}
}
]
}
],
"shortMessage":  "Upper case this literal suffix.",
"fullMessage":  "Using upper case literal suffixes removes the potential ambiguity between \"1\" (digit 1) and \"l\" (letter el) for declaring literals.",
"properties":  {
"severity":  "Warning",
"warningLevel":  "1",
"defaultSeverity":  "Warning",
"title":  "Literal suffixes should be upper case",
"category":  "Maintainability",
"helpLink":  "http://vs.sonarlint.org/rules/index.html#version=1.7.0\u0026ruleId=S818",
"isEnabledByDefault":  "False",
"isSuppressedInSource":  "False"
}
}
]
}
