{
"version":  "0.1",
"toolInfo":  {
"toolName":  "Microsoft (R) Visual C# Compiler",
"productVersion":  "1.1.0",
"fileVersion":  "1.1.0"
},
"issues":  [
{
"ruleId":  "S122",
"locations":  [
{
"analysisTarget":  [
{
"uri":  "akka.net\\src\\core\\Akka.TestKit\\EventFilter\\EventFilterFactory.cs",
"region":  {
"startLine":  264,
"startColumn":  12,
"endLine":  264,
"endColumn":  65
}
}
]
}
],
"shortMessage":  "Reformat the code to have only one statement per line.",
"fullMessage":  "For better readability, do not put more than one statement on a single line.",
"properties":  {
"severity":  "Warning",
"warningLevel":  "1",
"defaultSeverity":  "Warning",
"title":  "Statements should be on separate lines",
"category":  "Maintainability",
"helpLink":  "http://vs.sonarlint.org/rules/index.html#version=1.7.0\u0026ruleId=S122",
"isEnabledByDefault":  "False",
"isSuppressedInSource":  "False"
}
},
{
"ruleId":  "S122",
"locations":  [
{
"analysisTarget":  [
{
"uri":  "akka.net\\src\\core\\Akka.TestKit\\EventFilter\\EventFilterFactory.cs",
"region":  {
"startLine":  265,
"startColumn":  12,
"endLine":  265,
"endColumn":  65
}
}
]
}
],
"shortMessage":  "Reformat the code to have only one statement per line.",
"fullMessage":  "For better readability, do not put more than one statement on a single line.",
"properties":  {
"severity":  "Warning",
"warningLevel":  "1",
"defaultSeverity":  "Warning",
"title":  "Statements should be on separate lines",
"category":  "Maintainability",
"helpLink":  "http://vs.sonarlint.org/rules/index.html#version=1.7.0\u0026ruleId=S122",
"isEnabledByDefault":  "False",
"isSuppressedInSource":  "False"
}
},
{
"ruleId":  "S122",
"locations":  [
{
"analysisTarget":  [
{
"uri":  "akka.net\\src\\core\\Akka.TestKit\\EventFilter\\EventFilterFactory.cs",
"region":  {
"startLine":  266,
"startColumn":  12,
"endLine":  266,
"endColumn":  69
}
}
]
}
],
"shortMessage":  "Reformat the code to have only one statement per line.",
"fullMessage":  "For better readability, do not put more than one statement on a single line.",
"properties":  {
"severity":  "Warning",
"warningLevel":  "1",
"defaultSeverity":  "Warning",
"title":  "Statements should be on separate lines",
"category":  "Maintainability",
"helpLink":  "http://vs.sonarlint.org/rules/index.html#version=1.7.0\u0026ruleId=S122",
"isEnabledByDefault":  "False",
"isSuppressedInSource":  "False"
}
},
{
"ruleId":  "S122",
"locations":  [
{
"analysisTarget":  [
{
"uri":  "akka.net\\src\\core\\Akka.TestKit\\EventFilter\\Internal\\ErrorFilter.cs",
"region":  {
"startLine":  30,
"startColumn":  12,
"endLine":  30,
"endColumn":  182
}
}
]
}
],
"shortMessage":  "Reformat the code to have only one statement per line.",
"fullMessage":  "For better readability, do not put more than one statement on a single line.",
"properties":  {
"severity":  "Warning",
"warningLevel":  "1",
"defaultSeverity":  "Warning",
"title":  "Statements should be on separate lines",
"category":  "Maintainability",
"helpLink":  "http://vs.sonarlint.org/rules/index.html#version=1.7.0\u0026ruleId=S122",
"isEnabledByDefault":  "False",
"isSuppressedInSource":  "False"
}
},
{
"ruleId":  "S122",
"locations":  [
{
"analysisTarget":  [
{
"uri":  "akka.net\\src\\core\\Akka.TestKit\\EventFilter\\Internal\\EventFilterApplier.cs",
"region":  {
"startLine":  53,
"startColumn":  12,
"endLine":  53,
"endColumn":  102
}
}
]
}
],
"shortMessage":  "Reformat the code to have only one statement per line.",
"fullMessage":  "For better readability, do not put more than one statement on a single line.",
"properties":  {
"severity":  "Warning",
"warningLevel":  "1",
"defaultSeverity":  "Warning",
"title":  "Statements should be on separate lines",
"category":  "Maintainability",
"helpLink":  "http://vs.sonarlint.org/rules/index.html#version=1.7.0\u0026ruleId=S122",
"isEnabledByDefault":  "False",
"isSuppressedInSource":  "False"
}
},
{
"ruleId":  "S122",
"locations":  [
{
"analysisTarget":  [
{
"uri":  "akka.net\\src\\core\\Akka.TestKit\\EventFilter\\Internal\\EventFilterApplier.cs",
"region":  {
"startLine":  86,
"startColumn":  12,
"endLine":  86,
"endColumn":  90
}
}
]
}
],
"shortMessage":  "Reformat the code to have only one statement per line.",
"fullMessage":  "For better readability, do not put more than one statement on a single line.",
"properties":  {
"severity":  "Warning",
"warningLevel":  "1",
"defaultSeverity":  "Warning",
"title":  "Statements should be on separate lines",
"category":  "Maintainability",
"helpLink":  "http://vs.sonarlint.org/rules/index.html#version=1.7.0\u0026ruleId=S122",
"isEnabledByDefault":  "False",
"isSuppressedInSource":  "False"
}
},
{
"ruleId":  "S122",
"locations":  [
{
"analysisTarget":  [
{
"uri":  "akka.net\\src\\core\\Akka.TestKit\\EventFilter\\Internal\\EventFilterApplier.cs",
"region":  {
"startLine":  174,
"startColumn":  16,
"endLine":  174,
"endColumn":  93
}
}
]
}
],
"shortMessage":  "Reformat the code to have only one statement per line.",
"fullMessage":  "For better readability, do not put more than one statement on a single line.",
"properties":  {
"severity":  "Warning",
"warningLevel":  "1",
"defaultSeverity":  "Warning",
"title":  "Statements should be on separate lines",
"category":  "Maintainability",
"helpLink":  "http://vs.sonarlint.org/rules/index.html#version=1.7.0\u0026ruleId=S122",
"isEnabledByDefault":  "False",
"isSuppressedInSource":  "False"
}
},
{
"ruleId":  "S122",
"locations":  [
{
"analysisTarget":  [
{
"uri":  "akka.net\\src\\core\\Akka.TestKit\\EventFilter\\Internal\\EventFilterBase.cs",
"region":  {
"startLine":  54,
"startColumn":  12,
"endLine":  54,
"endColumn":  54
}
}
]
}
],
"shortMessage":  "Reformat the code to have only one statement per line.",
"fullMessage":  "For better readability, do not put more than one statement on a single line.",
"properties":  {
"severity":  "Warning",
"warningLevel":  "1",
"defaultSeverity":  "Warning",
"title":  "Statements should be on separate lines",
"category":  "Maintainability",
"helpLink":  "http://vs.sonarlint.org/rules/index.html#version=1.7.0\u0026ruleId=S122",
"isEnabledByDefault":  "False",
"isSuppressedInSource":  "False"
}
},
{
"ruleId":  "S122",
"locations":  [
{
"analysisTarget":  [
{
"uri":  "akka.net\\src\\core\\Akka.TestKit\\EventFilter\\Internal\\StringMatcher\\EqualsStringAndPathMatcher.cs",
"region":  {
"startLine":  28,
"startColumn":  12,
"endLine":  28,
"endColumn":  92
}
}
]
}
],
"shortMessage":  "Reformat the code to have only one statement per line.",
"fullMessage":  "For better readability, do not put more than one statement on a single line.",
"properties":  {
"severity":  "Warning",
"warningLevel":  "1",
"defaultSeverity":  "Warning",
"title":  "Statements should be on separate lines",
"category":  "Maintainability",
"helpLink":  "http://vs.sonarlint.org/rules/index.html#version=1.7.0\u0026ruleId=S122",
"isEnabledByDefault":  "False",
"isSuppressedInSource":  "False"
}
},
{
"ruleId":  "S122",
"locations":  [
{
"analysisTarget":  [
{
"uri":  "akka.net\\src\\core\\Akka.TestKit\\EventFilter\\Internal\\StringMatcher\\EqualsStringAndPathMatcher.cs",
"region":  {
"startLine":  29,
"startColumn":  12,
"endLine":  29,
"endColumn":  44
}
}
]
}
],
"shortMessage":  "Reformat the code to have only one statement per line.",
"fullMessage":  "For better readability, do not put more than one statement on a single line.",
"properties":  {
"severity":  "Warning",
"warningLevel":  "1",
"defaultSeverity":  "Warning",
"title":  "Statements should be on separate lines",
"category":  "Maintainability",
"helpLink":  "http://vs.sonarlint.org/rules/index.html#version=1.7.0\u0026ruleId=S122",
"isEnabledByDefault":  "False",
"isSuppressedInSource":  "False"
}
},
{
"ruleId":  "S122",
"locations":  [
{
"analysisTarget":  [
{
"uri":  "akka.net\\src\\core\\Akka.TestKit\\EventFilter\\Internal\\StringMatcher\\EqualsStringAndPathMatcher.cs",
"region":  {
"startLine":  32,
"startColumn":  12,
"endLine":  32,
"endColumn":  71
}
}
]
}
],
"shortMessage":  "Reformat the code to have only one statement per line.",
"fullMessage":  "For better readability, do not put more than one statement on a single line.",
"properties":  {
"severity":  "Warning",
"warningLevel":  "1",
"defaultSeverity":  "Warning",
"title":  "Statements should be on separate lines",
"category":  "Maintainability",
"helpLink":  "http://vs.sonarlint.org/rules/index.html#version=1.7.0\u0026ruleId=S122",
"isEnabledByDefault":  "False",
"isSuppressedInSource":  "False"
}
},
{
"ruleId":  "S122",
"locations":  [
{
"analysisTarget":  [
{
"uri":  "akka.net\\src\\core\\Akka.TestKit\\Internal\\TimeSpanExtensions.cs",
"region":  {
"startLine":  127,
"startColumn":  12,
"endLine":  127,
"endColumn":  40
}
}
]
}
],
"shortMessage":  "Reformat the code to have only one statement per line.",
"fullMessage":  "For better readability, do not put more than one statement on a single line.",
"properties":  {
"severity":  "Warning",
"warningLevel":  "1",
"defaultSeverity":  "Warning",
"title":  "Statements should be on separate lines",
"category":  "Maintainability",
"helpLink":  "http://vs.sonarlint.org/rules/index.html#version=1.7.0\u0026ruleId=S122",
"isEnabledByDefault":  "False",
"isSuppressedInSource":  "False"
}
},
{
"ruleId":  "S122",
"locations":  [
{
"analysisTarget":  [
{
"uri":  "akka.net\\src\\core\\Akka.TestKit\\Internal\\TimeSpanExtensions.cs",
"region":  {
"startLine":  128,
"startColumn":  12,
"endLine":  128,
"endColumn":  40
}
}
]
}
],
"shortMessage":  "Reformat the code to have only one statement per line.",
"fullMessage":  "For better readability, do not put more than one statement on a single line.",
"properties":  {
"severity":  "Warning",
"warningLevel":  "1",
"defaultSeverity":  "Warning",
"title":  "Statements should be on separate lines",
"category":  "Maintainability",
"helpLink":  "http://vs.sonarlint.org/rules/index.html#version=1.7.0\u0026ruleId=S122",
"isEnabledByDefault":  "False",
"isSuppressedInSource":  "False"
}
},
{
"ruleId":  "S122",
"locations":  [
{
"analysisTarget":  [
{
"uri":  "akka.net\\src\\core\\Akka.TestKit\\Internal\\TimeSpanExtensions.cs",
"region":  {
"startLine":  139,
"startColumn":  12,
"endLine":  139,
"endColumn":  37
}
}
]
}
],
"shortMessage":  "Reformat the code to have only one statement per line.",
"fullMessage":  "For better readability, do not put more than one statement on a single line.",
"properties":  {
"severity":  "Warning",
"warningLevel":  "1",
"defaultSeverity":  "Warning",
"title":  "Statements should be on separate lines",
"category":  "Maintainability",
"helpLink":  "http://vs.sonarlint.org/rules/index.html#version=1.7.0\u0026ruleId=S122",
"isEnabledByDefault":  "False",
"isSuppressedInSource":  "False"
}
},
{
"ruleId":  "S122",
"locations":  [
{
"analysisTarget":  [
{
"uri":  "akka.net\\src\\core\\Akka.TestKit\\Internal\\TimeSpanExtensions.cs",
"region":  {
"startLine":  141,
"startColumn":  12,
"endLine":  141,
"endColumn":  45
}
}
]
}
],
"shortMessage":  "Reformat the code to have only one statement per line.",
"fullMessage":  "For better readability, do not put more than one statement on a single line.",
"properties":  {
"severity":  "Warning",
"warningLevel":  "1",
"defaultSeverity":  "Warning",
"title":  "Statements should be on separate lines",
"category":  "Maintainability",
"helpLink":  "http://vs.sonarlint.org/rules/index.html#version=1.7.0\u0026ruleId=S122",
"isEnabledByDefault":  "False",
"isSuppressedInSource":  "False"
}
},
{
"ruleId":  "S122",
"locations":  [
{
"analysisTarget":  [
{
"uri":  "akka.net\\src\\core\\Akka.TestKit\\TestActorRef.cs",
"region":  {
"startLine":  34,
"startColumn":  12,
"endLine":  34,
"endColumn":  91
}
}
]
}
],
"shortMessage":  "Reformat the code to have only one statement per line.",
"fullMessage":  "For better readability, do not put more than one statement on a single line.",
"properties":  {
"severity":  "Warning",
"warningLevel":  "1",
"defaultSeverity":  "Warning",
"title":  "Statements should be on separate lines",
"category":  "Maintainability",
"helpLink":  "http://vs.sonarlint.org/rules/index.html#version=1.7.0\u0026ruleId=S122",
"isEnabledByDefault":  "False",
"isSuppressedInSource":  "False"
}
},
{
"ruleId":  "S122",
"locations":  [
{
"analysisTarget":  [
{
"uri":  "akka.net\\src\\core\\Akka.TestKit\\TestActorRef.cs",
"region":  {
"startLine":  40,
"startColumn":  12,
"endLine":  40,
"endColumn":  92
}
}
]
}
],
"shortMessage":  "Reformat the code to have only one statement per line.",
"fullMessage":  "For better readability, do not put more than one statement on a single line.",
"properties":  {
"severity":  "Warning",
"warningLevel":  "1",
"defaultSeverity":  "Warning",
"title":  "Statements should be on separate lines",
"category":  "Maintainability",
"helpLink":  "http://vs.sonarlint.org/rules/index.html#version=1.7.0\u0026ruleId=S122",
"isEnabledByDefault":  "False",
"isSuppressedInSource":  "False"
}
},
{
"ruleId":  "S122",
"locations":  [
{
"analysisTarget":  [
{
"uri":  "akka.net\\src\\core\\Akka.TestKit\\TestActorRef.cs",
"region":  {
"startLine":  46,
"startColumn":  12,
"endLine":  46,
"endColumn":  91
}
}
]
}
],
"shortMessage":  "Reformat the code to have only one statement per line.",
"fullMessage":  "For better readability, do not put more than one statement on a single line.",
"properties":  {
"severity":  "Warning",
"warningLevel":  "1",
"defaultSeverity":  "Warning",
"title":  "Statements should be on separate lines",
"category":  "Maintainability",
"helpLink":  "http://vs.sonarlint.org/rules/index.html#version=1.7.0\u0026ruleId=S122",
"isEnabledByDefault":  "False",
"isSuppressedInSource":  "False"
}
},
{
"ruleId":  "S122",
"locations":  [
{
"analysisTarget":  [
{
"uri":  "akka.net\\src\\core\\Akka.TestKit\\TestActorRef.cs",
"region":  {
"startLine":  52,
"startColumn":  12,
"endLine":  52,
"endColumn":  92
}
}
]
}
],
"shortMessage":  "Reformat the code to have only one statement per line.",
"fullMessage":  "For better readability, do not put more than one statement on a single line.",
"properties":  {
"severity":  "Warning",
"warningLevel":  "1",
"defaultSeverity":  "Warning",
"title":  "Statements should be on separate lines",
"category":  "Maintainability",
"helpLink":  "http://vs.sonarlint.org/rules/index.html#version=1.7.0\u0026ruleId=S122",
"isEnabledByDefault":  "False",
"isSuppressedInSource":  "False"
}
},
{
"ruleId":  "S122",
"locations":  [
{
"analysisTarget":  [
{
"uri":  "akka.net\\src\\core\\Akka.TestKit\\TestActorRefBase.cs",
"region":  {
"startLine":  154,
"startColumn":  12,
"endLine":  154,
"endColumn":  91
}
}
]
}
],
"shortMessage":  "Reformat the code to have only one statement per line.",
"fullMessage":  "For better readability, do not put more than one statement on a single line.",
"properties":  {
"severity":  "Warning",
"warningLevel":  "1",
"defaultSeverity":  "Warning",
"title":  "Statements should be on separate lines",
"category":  "Maintainability",
"helpLink":  "http://vs.sonarlint.org/rules/index.html#version=1.7.0\u0026ruleId=S122",
"isEnabledByDefault":  "False",
"isSuppressedInSource":  "False"
}
},
{
"ruleId":  "S122",
"locations":  [
{
"analysisTarget":  [
{
"uri":  "akka.net\\src\\core\\Akka.TestKit\\TestActorRefBase.cs",
"region":  {
"startLine":  160,
"startColumn":  12,
"endLine":  160,
"endColumn":  92
}
}
]
}
],
"shortMessage":  "Reformat the code to have only one statement per line.",
"fullMessage":  "For better readability, do not put more than one statement on a single line.",
"properties":  {
"severity":  "Warning",
"warningLevel":  "1",
"defaultSeverity":  "Warning",
"title":  "Statements should be on separate lines",
"category":  "Maintainability",
"helpLink":  "http://vs.sonarlint.org/rules/index.html#version=1.7.0\u0026ruleId=S122",
"isEnabledByDefault":  "False",
"isSuppressedInSource":  "False"
}
},
{
"ruleId":  "S122",
"locations":  [
{
"analysisTarget":  [
{
"uri":  "akka.net\\src\\core\\Akka.TestKit\\TestActorRefBase.cs",
"region":  {
"startLine":  166,
"startColumn":  12,
"endLine":  166,
"endColumn":  91
}
}
]
}
],
"shortMessage":  "Reformat the code to have only one statement per line.",
"fullMessage":  "For better readability, do not put more than one statement on a single line.",
"properties":  {
"severity":  "Warning",
"warningLevel":  "1",
"defaultSeverity":  "Warning",
"title":  "Statements should be on separate lines",
"category":  "Maintainability",
"helpLink":  "http://vs.sonarlint.org/rules/index.html#version=1.7.0\u0026ruleId=S122",
"isEnabledByDefault":  "False",
"isSuppressedInSource":  "False"
}
},
{
"ruleId":  "S122",
"locations":  [
{
"analysisTarget":  [
{
"uri":  "akka.net\\src\\core\\Akka.TestKit\\TestActorRefBase.cs",
"region":  {
"startLine":  172,
"startColumn":  12,
"endLine":  172,
"endColumn":  92
}
}
]
}
],
"shortMessage":  "Reformat the code to have only one statement per line.",
"fullMessage":  "For better readability, do not put more than one statement on a single line.",
"properties":  {
"severity":  "Warning",
"warningLevel":  "1",
"defaultSeverity":  "Warning",
"title":  "Statements should be on separate lines",
"category":  "Maintainability",
"helpLink":  "http://vs.sonarlint.org/rules/index.html#version=1.7.0\u0026ruleId=S122",
"isEnabledByDefault":  "False",
"isSuppressedInSource":  "False"
}
},
{
"ruleId":  "S122",
"locations":  [
{
"analysisTarget":  [
{
"uri":  "akka.net\\src\\core\\Akka.TestKit\\TestBreaker.cs",
"region":  {
"startLine":  29,
"startColumn":  12,
"endLine":  29,
"endColumn":  91
}
}
]
}
],
"shortMessage":  "Reformat the code to have only one statement per line.",
"fullMessage":  "For better readability, do not put more than one statement on a single line.",
"properties":  {
"severity":  "Warning",
"warningLevel":  "1",
"defaultSeverity":  "Warning",
"title":  "Statements should be on separate lines",
"category":  "Maintainability",
"helpLink":  "http://vs.sonarlint.org/rules/index.html#version=1.7.0\u0026ruleId=S122",
"isEnabledByDefault":  "False",
"isSuppressedInSource":  "False"
}
},
{
"ruleId":  "S122",
"locations":  [
{
"analysisTarget":  [
{
"uri":  "akka.net\\src\\core\\Akka.TestKit\\TestBreaker.cs",
"region":  {
"startLine":  30,
"startColumn":  42,
"endLine":  30,
"endColumn":  94
}
}
]
}
],
"shortMessage":  "Reformat the code to have only one statement per line.",
"fullMessage":  "For better readability, do not put more than one statement on a single line.",
"properties":  {
"severity":  "Warning",
"warningLevel":  "1",
"defaultSeverity":  "Warning",
"title":  "Statements should be on separate lines",
"category":  "Maintainability",
"helpLink":  "http://vs.sonarlint.org/rules/index.html#version=1.7.0\u0026ruleId=S122",
"isEnabledByDefault":  "False",
"isSuppressedInSource":  "False"
}
},
{
"ruleId":  "S122",
"locations":  [
{
"analysisTarget":  [
{
"uri":  "akka.net\\src\\core\\Akka.TestKit\\TestBreaker.cs",
"region":  {
"startLine":  31,
"startColumn":  38,
"endLine":  31,
"endColumn":  82
}
}
]
}
],
"shortMessage":  "Reformat the code to have only one statement per line.",
"fullMessage":  "For better readability, do not put more than one statement on a single line.",
"properties":  {
"severity":  "Warning",
"warningLevel":  "1",
"defaultSeverity":  "Warning",
"title":  "Statements should be on separate lines",
"category":  "Maintainability",
"helpLink":  "http://vs.sonarlint.org/rules/index.html#version=1.7.0\u0026ruleId=S122",
"isEnabledByDefault":  "False",
"isSuppressedInSource":  "False"
}
},
{
"ruleId":  "S122",
"locations":  [
{
"analysisTarget":  [
{
"uri":  "akka.net\\src\\core\\Akka.TestKit\\TestKitBase.cs",
"region":  {
"startLine":  87,
"startColumn":  12,
"endLine":  87,
"endColumn":  81
}
}
]
}
],
"shortMessage":  "Reformat the code to have only one statement per line.",
"fullMessage":  "For better readability, do not put more than one statement on a single line.",
"properties":  {
"severity":  "Warning",
"warningLevel":  "1",
"defaultSeverity":  "Warning",
"title":  "Statements should be on separate lines",
"category":  "Maintainability",
"helpLink":  "http://vs.sonarlint.org/rules/index.html#version=1.7.0\u0026ruleId=S122",
"isEnabledByDefault":  "False",
"isSuppressedInSource":  "False"
}
},
{
"ruleId":  "S122",
"locations":  [
{
"analysisTarget":  [
{
"uri":  "akka.net\\src\\core\\Akka.TestKit\\TestKitBase.cs",
"region":  {
"startLine":  262,
"startColumn":  16,
"endLine":  262,
"endColumn":  89
}
}
]
}
],
"shortMessage":  "Reformat the code to have only one statement per line.",
"fullMessage":  "For better readability, do not put more than one statement on a single line.",
"properties":  {
"severity":  "Warning",
"warningLevel":  "1",
"defaultSeverity":  "Warning",
"title":  "Statements should be on separate lines",
"category":  "Maintainability",
"helpLink":  "http://vs.sonarlint.org/rules/index.html#version=1.7.0\u0026ruleId=S122",
"isEnabledByDefault":  "False",
"isSuppressedInSource":  "False"
}
},
{
"ruleId":  "S122",
"locations":  [
{
"analysisTarget":  [
{
"uri":  "akka.net\\src\\core\\Akka.TestKit\\TestKitBase.cs",
"region":  {
"startLine":  273,
"startColumn":  12,
"endLine":  273,
"endColumn":  58
}
}
]
}
],
"shortMessage":  "Reformat the code to have only one statement per line.",
"fullMessage":  "For better readability, do not put more than one statement on a single line.",
"properties":  {
"severity":  "Warning",
"warningLevel":  "1",
"defaultSeverity":  "Warning",
"title":  "Statements should be on separate lines",
"category":  "Maintainability",
"helpLink":  "http://vs.sonarlint.org/rules/index.html#version=1.7.0\u0026ruleId=S122",
"isEnabledByDefault":  "False",
"isSuppressedInSource":  "False"
}
},
{
"ruleId":  "S122",
"locations":  [
{
"analysisTarget":  [
{
"uri":  "akka.net\\src\\core\\Akka.TestKit\\TestKitBase.cs",
"region":  {
"startLine":  292,
"startColumn":  12,
"endLine":  292,
"endColumn":  61
}
}
]
}
],
"shortMessage":  "Reformat the code to have only one statement per line.",
"fullMessage":  "For better readability, do not put more than one statement on a single line.",
"properties":  {
"severity":  "Warning",
"warningLevel":  "1",
"defaultSeverity":  "Warning",
"title":  "Statements should be on separate lines",
"category":  "Maintainability",
"helpLink":  "http://vs.sonarlint.org/rules/index.html#version=1.7.0\u0026ruleId=S122",
"isEnabledByDefault":  "False",
"isSuppressedInSource":  "False"
}
},
{
"ruleId":  "S122",
"locations":  [
{
"analysisTarget":  [
{
"uri":  "akka.net\\src\\core\\Akka.TestKit\\TestKitBase.cs",
"region":  {
"startLine":  293,
"startColumn":  12,
"endLine":  293,
"endColumn":  101
}
}
]
}
],
"shortMessage":  "Reformat the code to have only one statement per line.",
"fullMessage":  "For better readability, do not put more than one statement on a single line.",
"properties":  {
"severity":  "Warning",
"warningLevel":  "1",
"defaultSeverity":  "Warning",
"title":  "Statements should be on separate lines",
"category":  "Maintainability",
"helpLink":  "http://vs.sonarlint.org/rules/index.html#version=1.7.0\u0026ruleId=S122",
"isEnabledByDefault":  "False",
"isSuppressedInSource":  "False"
}
},
{
"ruleId":  "S122",
"locations":  [
{
"analysisTarget":  [
{
"uri":  "akka.net\\src\\core\\Akka.TestKit\\TestKitBase.cs",
"region":  {
"startLine":  342,
"startColumn":  12,
"endLine":  342,
"endColumn":  59
}
}
]
}
],
"shortMessage":  "Reformat the code to have only one statement per line.",
"fullMessage":  "For better readability, do not put more than one statement on a single line.",
"properties":  {
"severity":  "Warning",
"warningLevel":  "1",
"defaultSeverity":  "Warning",
"title":  "Statements should be on separate lines",
"category":  "Maintainability",
"helpLink":  "http://vs.sonarlint.org/rules/index.html#version=1.7.0\u0026ruleId=S122",
"isEnabledByDefault":  "False",
"isSuppressedInSource":  "False"
}
},
{
"ruleId":  "S122",
"locations":  [
{
"analysisTarget":  [
{
"uri":  "akka.net\\src\\core\\Akka.TestKit\\TestKitBase_AwaitAssert.cs",
"region":  {
"startLine":  32,
"startColumn":  12,
"endLine":  32,
"endColumn":  92
}
}
]
}
],
"shortMessage":  "Reformat the code to have only one statement per line.",
"fullMessage":  "For better readability, do not put more than one statement on a single line.",
"properties":  {
"severity":  "Warning",
"warningLevel":  "1",
"defaultSeverity":  "Warning",
"title":  "Statements should be on separate lines",
"category":  "Maintainability",
"helpLink":  "http://vs.sonarlint.org/rules/index.html#version=1.7.0\u0026ruleId=S122",
"isEnabledByDefault":  "False",
"isSuppressedInSource":  "False"
}
},
{
"ruleId":  "S122",
"locations":  [
{
"analysisTarget":  [
{
"uri":  "akka.net\\src\\core\\Akka.TestKit\\TestKitBase_Within.cs",
"region":  {
"startLine":  37,
"startColumn":  12,
"endLine":  37,
"endColumn":  77
}
}
]
}
],
"shortMessage":  "Reformat the code to have only one statement per line.",
"fullMessage":  "For better readability, do not put more than one statement on a single line.",
"properties":  {
"severity":  "Warning",
"warningLevel":  "1",
"defaultSeverity":  "Warning",
"title":  "Statements should be on separate lines",
"category":  "Maintainability",
"helpLink":  "http://vs.sonarlint.org/rules/index.html#version=1.7.0\u0026ruleId=S122",
"isEnabledByDefault":  "False",
"isSuppressedInSource":  "False"
}
},
{
"ruleId":  "S122",
"locations":  [
{
"analysisTarget":  [
{
"uri":  "akka.net\\src\\core\\Akka.TestKit\\TestLatch.cs",
"region":  {
"startLine":  115,
"startColumn":  12,
"endLine":  115,
"endColumn":  39
}
}
]
}
],
"shortMessage":  "Reformat the code to have only one statement per line.",
"fullMessage":  "For better readability, do not put more than one statement on a single line.",
"properties":  {
"severity":  "Warning",
"warningLevel":  "1",
"defaultSeverity":  "Warning",
"title":  "Statements should be on separate lines",
"category":  "Maintainability",
"helpLink":  "http://vs.sonarlint.org/rules/index.html#version=1.7.0\u0026ruleId=S122",
"isEnabledByDefault":  "False",
"isSuppressedInSource":  "False"
}
},
{
"ruleId":  "S122",
"locations":  [
{
"analysisTarget":  [
{
"uri":  "akka.net\\src\\core\\Akka.TestKit\\TestLatch.cs",
"region":  {
"startLine":  138,
"startColumn":  12,
"endLine":  138,
"endColumn":  143
}
}
]
}
],
"shortMessage":  "Reformat the code to have only one statement per line.",
"fullMessage":  "For better readability, do not put more than one statement on a single line.",
"properties":  {
"severity":  "Warning",
"warningLevel":  "1",
"defaultSeverity":  "Warning",
"title":  "Statements should be on separate lines",
"category":  "Maintainability",
"helpLink":  "http://vs.sonarlint.org/rules/index.html#version=1.7.0\u0026ruleId=S122",
"isEnabledByDefault":  "False",
"isSuppressedInSource":  "False"
}
},
{
"ruleId":  "S122",
"locations":  [
{
"analysisTarget":  [
{
"uri":  "akka.net\\src\\core\\Akka.TestKit\\TestLatch.cs",
"region":  {
"startLine":  142,
"startColumn":  12,
"endLine":  142,
"endColumn":  51
}
}
]
}
],
"shortMessage":  "Reformat the code to have only one statement per line.",
"fullMessage":  "For better readability, do not put more than one statement on a single line.",
"properties":  {
"severity":  "Warning",
"warningLevel":  "1",
"defaultSeverity":  "Warning",
"title":  "Statements should be on separate lines",
"category":  "Maintainability",
"helpLink":  "http://vs.sonarlint.org/rules/index.html#version=1.7.0\u0026ruleId=S122",
"isEnabledByDefault":  "False",
"isSuppressedInSource":  "False"
}
}
]
}
