{
"version":  "0.1",
"toolInfo":  {
"toolName":  "Microsoft (R) Visual C# Compiler",
"productVersion":  "1.1.0",
"fileVersion":  "1.1.0"
},
"issues":  [
{
"ruleId":  "S1121",
"locations":  [
{
"analysisTarget":  [
{
"uri":  "akka.net\\src\\contrib\\cluster\\Akka.Cluster.Tools\\Client\\ClusterClient.cs",
"region":  {
"startLine":  148,
"startColumn":  64,
"endLine":  148,
"endColumn":  65
}
}
]
}
],
"shortMessage":  "Extract the assignment of \"_log\" from this expression.",
"fullMessage":  "Assignments within sub-expressions are hard to spot and therefore make the code less readable. It is also a common mistake to write \"=\" when \"==\" was meant. Ideally, expressions should nothave side-effects. Assignments inside lambda and delegate expressions are allowed.",
"properties":  {
"severity":  "Warning",
"warningLevel":  "1",
"defaultSeverity":  "Warning",
"title":  "Assignments should not be made from within sub-expressions",
"category":  "Reliability",
"helpLink":  "http://vs.sonarlint.org/rules/index.html#version=1.7.0\u0026ruleId=S1121",
"isEnabledByDefault":  "False",
"isSuppressedInSource":  "False"
}
},
{
"ruleId":  "S1121",
"locations":  [
{
"analysisTarget":  [
{
"uri":  "akka.net\\src\\contrib\\cluster\\Akka.Cluster.Tools\\Client\\ClusterReceptionist.cs",
"region":  {
"startLine":  131,
"startColumn":  64,
"endLine":  131,
"endColumn":  65
}
}
]
}
],
"shortMessage":  "Extract the assignment of \"_log\" from this expression.",
"fullMessage":  "Assignments within sub-expressions are hard to spot and therefore make the code less readable. It is also a common mistake to write \"=\" when \"==\" was meant. Ideally, expressions should nothave side-effects. Assignments inside lambda and delegate expressions are allowed.",
"properties":  {
"severity":  "Warning",
"warningLevel":  "1",
"defaultSeverity":  "Warning",
"title":  "Assignments should not be made from within sub-expressions",
"category":  "Reliability",
"helpLink":  "http://vs.sonarlint.org/rules/index.html#version=1.7.0\u0026ruleId=S1121",
"isEnabledByDefault":  "False",
"isSuppressedInSource":  "False"
}
},
{
"ruleId":  "S1121",
"locations":  [
{
"analysisTarget":  [
{
"uri":  "akka.net\\src\\contrib\\cluster\\Akka.Cluster.Tools\\PublishSubscribe\\DistributedPubSubMediator.cs",
"region":  {
"startLine":  117,
"startColumn":  64,
"endLine":  117,
"endColumn":  65
}
}
]
}
],
"shortMessage":  "Extract the assignment of \"_log\" from this expression.",
"fullMessage":  "Assignments within sub-expressions are hard to spot and therefore make the code less readable. It is also a common mistake to write \"=\" when \"==\" was meant. Ideally, expressions should nothave side-effects. Assignments inside lambda and delegate expressions are allowed.",
"properties":  {
"severity":  "Warning",
"warningLevel":  "1",
"defaultSeverity":  "Warning",
"title":  "Assignments should not be made from within sub-expressions",
"category":  "Reliability",
"helpLink":  "http://vs.sonarlint.org/rules/index.html#version=1.7.0\u0026ruleId=S1121",
"isEnabledByDefault":  "False",
"isSuppressedInSource":  "False"
}
},
{
"ruleId":  "S1121",
"locations":  [
{
"analysisTarget":  [
{
"uri":  "akka.net\\src\\contrib\\cluster\\Akka.Cluster.Tools\\PublishSubscribe\\Internal\\TopicMessages.cs",
"region":  {
"startLine":  63,
"startColumn":  64,
"endLine":  63,
"endColumn":  65
}
}
]
}
],
"shortMessage":  "Extract the assignment of \"_routee\" from this expression.",
"fullMessage":  "Assignments within sub-expressions are hard to spot and therefore make the code less readable. It is also a common mistake to write \"=\" when \"==\" was meant. Ideally, expressions should nothave side-effects. Assignments inside lambda and delegate expressions are allowed.",
"properties":  {
"severity":  "Warning",
"warningLevel":  "1",
"defaultSeverity":  "Warning",
"title":  "Assignments should not be made from within sub-expressions",
"category":  "Reliability",
"helpLink":  "http://vs.sonarlint.org/rules/index.html#version=1.7.0\u0026ruleId=S1121",
"isEnabledByDefault":  "False",
"isSuppressedInSource":  "False"
}
},
{
"ruleId":  "S1121",
"locations":  [
{
"analysisTarget":  [
{
"uri":  "akka.net\\src\\contrib\\cluster\\Akka.Cluster.Tools\\PublishSubscribe\\Internal\\Topics.cs",
"region":  {
"startLine":  107,
"startColumn":  27,
"endLine":  107,
"endColumn":  28
}
}
]
}
],
"shortMessage":  "Extract the assignment of \"subscribe\" from this expression.",
"fullMessage":  "Assignments within sub-expressions are hard to spot and therefore make the code less readable. It is also a common mistake to write \"=\" when \"==\" was meant. Ideally, expressions should nothave side-effects. Assignments inside lambda and delegate expressions are allowed.",
"properties":  {
"severity":  "Warning",
"warningLevel":  "1",
"defaultSeverity":  "Warning",
"title":  "Assignments should not be made from within sub-expressions",
"category":  "Reliability",
"helpLink":  "http://vs.sonarlint.org/rules/index.html#version=1.7.0\u0026ruleId=S1121",
"isEnabledByDefault":  "False",
"isSuppressedInSource":  "False"
}
},
{
"ruleId":  "S1121",
"locations":  [
{
"analysisTarget":  [
{
"uri":  "akka.net\\src\\contrib\\cluster\\Akka.Cluster.Tools\\PublishSubscribe\\Internal\\Topics.cs",
"region":  {
"startLine":  126,
"startColumn":  34,
"endLine":  126,
"endColumn":  35
}
}
]
}
],
"shortMessage":  "Extract the assignment of \"unsubscribe\" from this expression.",
"fullMessage":  "Assignments within sub-expressions are hard to spot and therefore make the code less readable. It is also a common mistake to write \"=\" when \"==\" was meant. Ideally, expressions should nothave side-effects. Assignments inside lambda and delegate expressions are allowed.",
"properties":  {
"severity":  "Warning",
"warningLevel":  "1",
"defaultSeverity":  "Warning",
"title":  "Assignments should not be made from within sub-expressions",
"category":  "Reliability",
"helpLink":  "http://vs.sonarlint.org/rules/index.html#version=1.7.0\u0026ruleId=S1121",
"isEnabledByDefault":  "False",
"isSuppressedInSource":  "False"
}
},
{
"ruleId":  "S1121",
"locations":  [
{
"analysisTarget":  [
{
"uri":  "akka.net\\src\\contrib\\cluster\\Akka.Cluster.Tools\\PublishSubscribe\\Serialization\\DistributedPubSubMessageSerializer.cs",
"region":  {
"startLine":  263,
"startColumn":  40,
"endLine":  263,
"endColumn":  41
}
}
]
}
],
"shortMessage":  "Extract the assignment of \"serializerWithManifest\" from this expression.",
"fullMessage":  "Assignments within sub-expressions are hard to spot and therefore make the code less readable. It is also a common mistake to write \"=\" when \"==\" was meant. Ideally, expressions should nothave side-effects. Assignments inside lambda and delegate expressions are allowed.",
"properties":  {
"severity":  "Warning",
"warningLevel":  "1",
"defaultSeverity":  "Warning",
"title":  "Assignments should not be made from within sub-expressions",
"category":  "Reliability",
"helpLink":  "http://vs.sonarlint.org/rules/index.html#version=1.7.0\u0026ruleId=S1121",
"isEnabledByDefault":  "False",
"isSuppressedInSource":  "False"
}
},
{
"ruleId":  "S1121",
"locations":  [
{
"analysisTarget":  [
{
"uri":  "akka.net\\src\\contrib\\cluster\\Akka.Cluster.Tools\\Singleton\\ClusterSingletonManager.cs",
"region":  {
"startLine":  284,
"startColumn":  65,
"endLine":  284,
"endColumn":  66
}
}
]
}
],
"shortMessage":  "Extract the assignment of \"_log\" from this expression.",
"fullMessage":  "Assignments within sub-expressions are hard to spot and therefore make the code less readable. It is also a common mistake to write \"=\" when \"==\" was meant. Ideally, expressions should nothave side-effects. Assignments inside lambda and delegate expressions are allowed.",
"properties":  {
"severity":  "Warning",
"warningLevel":  "1",
"defaultSeverity":  "Warning",
"title":  "Assignments should not be made from within sub-expressions",
"category":  "Reliability",
"helpLink":  "http://vs.sonarlint.org/rules/index.html#version=1.7.0\u0026ruleId=S1121",
"isEnabledByDefault":  "False",
"isSuppressedInSource":  "False"
}
},
{
"ruleId":  "S1121",
"locations":  [
{
"analysisTarget":  [
{
"uri":  "akka.net\\src\\contrib\\cluster\\Akka.Cluster.Tools\\Singleton\\ClusterSingletonManager.cs",
"region":  {
"startLine":  407,
"startColumn":  84,
"endLine":  407,
"endColumn":  85
}
}
]
}
],
"shortMessage":  "Extract the assignment of \"youngerData\" from this expression.",
"fullMessage":  "Assignments within sub-expressions are hard to spot and therefore make the code less readable. It is also a common mistake to write \"=\" when \"==\" was meant. Ideally, expressions should nothave side-effects. Assignments inside lambda and delegate expressions are allowed.",
"properties":  {
"severity":  "Warning",
"warningLevel":  "1",
"defaultSeverity":  "Warning",
"title":  "Assignments should not be made from within sub-expressions",
"category":  "Reliability",
"helpLink":  "http://vs.sonarlint.org/rules/index.html#version=1.7.0\u0026ruleId=S1121",
"isEnabledByDefault":  "False",
"isSuppressedInSource":  "False"
}
},
{
"ruleId":  "S1121",
"locations":  [
{
"analysisTarget":  [
{
"uri":  "akka.net\\src\\contrib\\cluster\\Akka.Cluster.Tools\\Singleton\\ClusterSingletonManager.cs",
"region":  {
"startLine":  444,
"startColumn":  34,
"endLine":  444,
"endColumn":  35
}
}
]
}
],
"shortMessage":  "Extract the assignment of \"removed\" from this expression.",
"fullMessage":  "Assignments within sub-expressions are hard to spot and therefore make the code less readable. It is also a common mistake to write \"=\" when \"==\" was meant. Ideally, expressions should nothave side-effects. Assignments inside lambda and delegate expressions are allowed.",
"properties":  {
"severity":  "Warning",
"warningLevel":  "1",
"defaultSeverity":  "Warning",
"title":  "Assignments should not be made from within sub-expressions",
"category":  "Reliability",
"helpLink":  "http://vs.sonarlint.org/rules/index.html#version=1.7.0\u0026ruleId=S1121",
"isEnabledByDefault":  "False",
"isSuppressedInSource":  "False"
}
},
{
"ruleId":  "S1121",
"locations":  [
{
"analysisTarget":  [
{
"uri":  "akka.net\\src\\contrib\\cluster\\Akka.Cluster.Tools\\Singleton\\ClusterSingletonManager.cs",
"region":  {
"startLine":  445,
"startColumn":  36,
"endLine":  445,
"endColumn":  37
}
}
]
}
],
"shortMessage":  "Extract the assignment of \"youngerData\" from this expression.",
"fullMessage":  "Assignments within sub-expressions are hard to spot and therefore make the code less readable. It is also a common mistake to write \"=\" when \"==\" was meant. Ideally, expressions should nothave side-effects. Assignments inside lambda and delegate expressions are allowed.",
"properties":  {
"severity":  "Warning",
"warningLevel":  "1",
"defaultSeverity":  "Warning",
"title":  "Assignments should not be made from within sub-expressions",
"category":  "Reliability",
"helpLink":  "http://vs.sonarlint.org/rules/index.html#version=1.7.0\u0026ruleId=S1121",
"isEnabledByDefault":  "False",
"isSuppressedInSource":  "False"
}
},
{
"ruleId":  "S1121",
"locations":  [
{
"analysisTarget":  [
{
"uri":  "akka.net\\src\\contrib\\cluster\\Akka.Cluster.Tools\\Singleton\\ClusterSingletonManager.cs",
"region":  {
"startLine":  519,
"startColumn":  34,
"endLine":  519,
"endColumn":  35
}
}
]
}
],
"shortMessage":  "Extract the assignment of \"removed\" from this expression.",
"fullMessage":  "Assignments within sub-expressions are hard to spot and therefore make the code less readable. It is also a common mistake to write \"=\" when \"==\" was meant. Ideally, expressions should nothave side-effects. Assignments inside lambda and delegate expressions are allowed.",
"properties":  {
"severity":  "Warning",
"warningLevel":  "1",
"defaultSeverity":  "Warning",
"title":  "Assignments should not be made from within sub-expressions",
"category":  "Reliability",
"helpLink":  "http://vs.sonarlint.org/rules/index.html#version=1.7.0\u0026ruleId=S1121",
"isEnabledByDefault":  "False",
"isSuppressedInSource":  "False"
}
},
{
"ruleId":  "S1121",
"locations":  [
{
"analysisTarget":  [
{
"uri":  "akka.net\\src\\contrib\\cluster\\Akka.Cluster.Tools\\Singleton\\ClusterSingletonManager.cs",
"region":  {
"startLine":  590,
"startColumn":  37,
"endLine":  590,
"endColumn":  38
}
}
]
}
],
"shortMessage":  "Extract the assignment of \"terminated\" from this expression.",
"fullMessage":  "Assignments within sub-expressions are hard to spot and therefore make the code less readable. It is also a common mistake to write \"=\" when \"==\" was meant. Ideally, expressions should nothave side-effects. Assignments inside lambda and delegate expressions are allowed.",
"properties":  {
"severity":  "Warning",
"warningLevel":  "1",
"defaultSeverity":  "Warning",
"title":  "Assignments should not be made from within sub-expressions",
"category":  "Reliability",
"helpLink":  "http://vs.sonarlint.org/rules/index.html#version=1.7.0\u0026ruleId=S1121",
"isEnabledByDefault":  "False",
"isSuppressedInSource":  "False"
}
},
{
"ruleId":  "S1121",
"locations":  [
{
"analysisTarget":  [
{
"uri":  "akka.net\\src\\contrib\\cluster\\Akka.Cluster.Tools\\Singleton\\ClusterSingletonManager.cs",
"region":  {
"startLine":  624,
"startColumn":  34,
"endLine":  624,
"endColumn":  35
}
}
]
}
],
"shortMessage":  "Extract the assignment of \"removed\" from this expression.",
"fullMessage":  "Assignments within sub-expressions are hard to spot and therefore make the code less readable. It is also a common mistake to write \"=\" when \"==\" was meant. Ideally, expressions should nothave side-effects. Assignments inside lambda and delegate expressions are allowed.",
"properties":  {
"severity":  "Warning",
"warningLevel":  "1",
"defaultSeverity":  "Warning",
"title":  "Assignments should not be made from within sub-expressions",
"category":  "Reliability",
"helpLink":  "http://vs.sonarlint.org/rules/index.html#version=1.7.0\u0026ruleId=S1121",
"isEnabledByDefault":  "False",
"isSuppressedInSource":  "False"
}
},
{
"ruleId":  "S1121",
"locations":  [
{
"analysisTarget":  [
{
"uri":  "akka.net\\src\\contrib\\cluster\\Akka.Cluster.Tools\\Singleton\\ClusterSingletonManager.cs",
"region":  {
"startLine":  630,
"startColumn":  34,
"endLine":  630,
"endColumn":  35
}
}
]
}
],
"shortMessage":  "Extract the assignment of \"removed\" from this expression.",
"fullMessage":  "Assignments within sub-expressions are hard to spot and therefore make the code less readable. It is also a common mistake to write \"=\" when \"==\" was meant. Ideally, expressions should nothave side-effects. Assignments inside lambda and delegate expressions are allowed.",
"properties":  {
"severity":  "Warning",
"warningLevel":  "1",
"defaultSeverity":  "Warning",
"title":  "Assignments should not be made from within sub-expressions",
"category":  "Reliability",
"helpLink":  "http://vs.sonarlint.org/rules/index.html#version=1.7.0\u0026ruleId=S1121",
"isEnabledByDefault":  "False",
"isSuppressedInSource":  "False"
}
},
{
"ruleId":  "S1121",
"locations":  [
{
"analysisTarget":  [
{
"uri":  "akka.net\\src\\contrib\\cluster\\Akka.Cluster.Tools\\Singleton\\ClusterSingletonManager.cs",
"region":  {
"startLine":  637,
"startColumn":  37,
"endLine":  637,
"endColumn":  38
}
}
]
}
],
"shortMessage":  "Extract the assignment of \"terminated\" from this expression.",
"fullMessage":  "Assignments within sub-expressions are hard to spot and therefore make the code less readable. It is also a common mistake to write \"=\" when \"==\" was meant. Ideally, expressions should nothave side-effects. Assignments inside lambda and delegate expressions are allowed.",
"properties":  {
"severity":  "Warning",
"warningLevel":  "1",
"defaultSeverity":  "Warning",
"title":  "Assignments should not be made from within sub-expressions",
"category":  "Reliability",
"helpLink":  "http://vs.sonarlint.org/rules/index.html#version=1.7.0\u0026ruleId=S1121",
"isEnabledByDefault":  "False",
"isSuppressedInSource":  "False"
}
},
{
"ruleId":  "S1121",
"locations":  [
{
"analysisTarget":  [
{
"uri":  "akka.net\\src\\contrib\\cluster\\Akka.Cluster.Tools\\Singleton\\ClusterSingletonManager.cs",
"region":  {
"startLine":  651,
"startColumn":  36,
"endLine":  651,
"endColumn":  37
}
}
]
}
],
"shortMessage":  "Extract the assignment of \"terminated\" from this expression.",
"fullMessage":  "Assignments within sub-expressions are hard to spot and therefore make the code less readable. It is also a common mistake to write \"=\" when \"==\" was meant. Ideally, expressions should nothave side-effects. Assignments inside lambda and delegate expressions are allowed.",
"properties":  {
"severity":  "Warning",
"warningLevel":  "1",
"defaultSeverity":  "Warning",
"title":  "Assignments should not be made from within sub-expressions",
"category":  "Reliability",
"helpLink":  "http://vs.sonarlint.org/rules/index.html#version=1.7.0\u0026ruleId=S1121",
"isEnabledByDefault":  "False",
"isSuppressedInSource":  "False"
}
},
{
"ruleId":  "S1121",
"locations":  [
{
"analysisTarget":  [
{
"uri":  "akka.net\\src\\contrib\\cluster\\Akka.Cluster.Tools\\Singleton\\ClusterSingletonProxy.cs",
"region":  {
"startLine":  85,
"startColumn":  65,
"endLine":  85,
"endColumn":  66
}
}
]
}
],
"shortMessage":  "Extract the assignment of \"_log\" from this expression.",
"fullMessage":  "Assignments within sub-expressions are hard to spot and therefore make the code less readable. It is also a common mistake to write \"=\" when \"==\" was meant. Ideally, expressions should nothave side-effects. Assignments inside lambda and delegate expressions are allowed.",
"properties":  {
"severity":  "Warning",
"warningLevel":  "1",
"defaultSeverity":  "Warning",
"title":  "Assignments should not be made from within sub-expressions",
"category":  "Reliability",
"helpLink":  "http://vs.sonarlint.org/rules/index.html#version=1.7.0\u0026ruleId=S1121",
"isEnabledByDefault":  "False",
"isSuppressedInSource":  "False"
}
}
]
}
