{
"version":  "0.1",
"toolInfo":  {
"toolName":  "Microsoft (R) Visual C# Compiler",
"productVersion":  "1.1.0",
"fileVersion":  "1.1.0"
},
"issues":  [
{
"ruleId":  "S2228",
"locations":  [
{
"analysisTarget":  [
{
"uri":  "akka.net\\src\\core\\Akka\\Actor\\Futures.cs",
"region":  {
"startLine":  372,
"startColumn":  24,
"endLine":  372,
"endColumn":  41
}
}
]
}
],
"shortMessage":  "Remove this logging statement.",
"fullMessage":  "Debug statements are always useful during development. But include them in production code - particularly in code that runs client-side - and you run the risk of inadvertently exposing sensitive information.",
"properties":  {
"severity":  "Warning",
"warningLevel":  "1",
"defaultSeverity":  "Warning",
"title":  "Console logging should not be used",
"category":  "Portability",
"helpLink":  "http://vs.sonarlint.org/rules/index.html#version=1.7.0\u0026ruleId=S2228",
"isEnabledByDefault":  "False",
"isSuppressedInSource":  "False"
}
},
{
"ruleId":  "S2228",
"locations":  [
{
"analysisTarget":  [
{
"uri":  "akka.net\\src\\core\\Akka\\Actor\\Futures.cs",
"region":  {
"startLine":  380,
"startColumn":  21,
"endLine":  380,
"endColumn":  38
}
}
]
}
],
"shortMessage":  "Remove this logging statement.",
"fullMessage":  "Debug statements are always useful during development. But include them in production code - particularly in code that runs client-side - and you run the risk of inadvertently exposing sensitive information.",
"properties":  {
"severity":  "Warning",
"warningLevel":  "1",
"defaultSeverity":  "Warning",
"title":  "Console logging should not be used",
"category":  "Portability",
"helpLink":  "http://vs.sonarlint.org/rules/index.html#version=1.7.0\u0026ruleId=S2228",
"isEnabledByDefault":  "False",
"isSuppressedInSource":  "False"
}
},
{
"ruleId":  "S2228",
"locations":  [
{
"analysisTarget":  [
{
"uri":  "akka.net\\src\\core\\Akka\\Dispatch\\Mailbox.cs",
"region":  {
"startLine":  27,
"startColumn":  10,
"endLine":  27,
"endColumn":  27
}
}
]
}
],
"shortMessage":  "Remove this logging statement.",
"fullMessage":  "Debug statements are always useful during development. But include them in production code - particularly in code that runs client-side - and you run the risk of inadvertently exposing sensitive information.",
"properties":  {
"severity":  "Warning",
"warningLevel":  "1",
"defaultSeverity":  "Warning",
"title":  "Console logging should not be used",
"category":  "Portability",
"helpLink":  "http://vs.sonarlint.org/rules/index.html#version=1.7.0\u0026ruleId=S2228",
"isEnabledByDefault":  "False",
"isSuppressedInSource":  "False"
}
},
{
"ruleId":  "S2228",
"locations":  [
{
"analysisTarget":  [
{
"uri":  "akka.net\\src\\core\\Akka\\Event\\StandardOutLogger.cs",
"region":  {
"startLine":  65,
"startColumn":  16,
"endLine":  65,
"endColumn":  33
}
}
]
}
],
"shortMessage":  "Remove this logging statement.",
"fullMessage":  "Debug statements are always useful during development. But include them in production code - particularly in code that runs client-side - and you run the risk of inadvertently exposing sensitive information.",
"properties":  {
"severity":  "Warning",
"warningLevel":  "1",
"defaultSeverity":  "Warning",
"title":  "Console logging should not be used",
"category":  "Portability",
"helpLink":  "http://vs.sonarlint.org/rules/index.html#version=1.7.0\u0026ruleId=S2228",
"isEnabledByDefault":  "False",
"isSuppressedInSource":  "False"
}
},
{
"ruleId":  "S2228",
"locations":  [
{
"analysisTarget":  [
{
"uri":  "akka.net\\src\\core\\Akka\\Util\\StandardOutWriter.cs",
"region":  {
"startLine":  28,
"startColumn":  33,
"endLine":  28,
"endColumn":  46
}
}
]
}
],
"shortMessage":  "Remove this logging statement.",
"fullMessage":  "Debug statements are always useful during development. But include them in production code - particularly in code that runs client-side - and you run the risk of inadvertently exposing sensitive information.",
"properties":  {
"severity":  "Warning",
"warningLevel":  "1",
"defaultSeverity":  "Warning",
"title":  "Console logging should not be used",
"category":  "Portability",
"helpLink":  "http://vs.sonarlint.org/rules/index.html#version=1.7.0\u0026ruleId=S2228",
"isEnabledByDefault":  "False",
"isSuppressedInSource":  "False"
}
},
{
"ruleId":  "S2228",
"locations":  [
{
"analysisTarget":  [
{
"uri":  "akka.net\\src\\core\\Akka\\Util\\StandardOutWriter.cs",
"region":  {
"startLine":  41,
"startColumn":  33,
"endLine":  41,
"endColumn":  50
}
}
]
}
],
"shortMessage":  "Remove this logging statement.",
"fullMessage":  "Debug statements are always useful during development. But include them in production code - particularly in code that runs client-side - and you run the risk of inadvertently exposing sensitive information.",
"properties":  {
"severity":  "Warning",
"warningLevel":  "1",
"defaultSeverity":  "Warning",
"title":  "Console logging should not be used",
"category":  "Portability",
"helpLink":  "http://vs.sonarlint.org/rules/index.html#version=1.7.0\u0026ruleId=S2228",
"isEnabledByDefault":  "False",
"isSuppressedInSource":  "False"
}
}
]
}
