{
"version":  "0.1",
"toolInfo":  {
"toolName":  "Microsoft (R) Visual C# Compiler",
"productVersion":  "1.1.0",
"fileVersion":  "1.1.0"
},
"issues":  [
{
"ruleId":  "S818",
"locations":  [
{
"analysisTarget":  [
{
"uri":  "akka.net\\src\\core\\Akka.Remote\\PhiAccrualFailureDetector.cs",
"region":  {
"startLine":  186,
"startColumn":  26,
"endLine":  186,
"endColumn":  27
}
}
]
}
],
"shortMessage":  "Upper case this literal suffix.",
"fullMessage":  "Using upper case literal suffixes removes the potential ambiguity between \"1\" (digit 1) and \"l\" (letter el) for declaring literals.",
"properties":  {
"severity":  "Warning",
"warningLevel":  "1",
"defaultSeverity":  "Warning",
"title":  "Literal suffixes should be upper case",
"category":  "Maintainability",
"helpLink":  "http://vs.sonarlint.org/rules/index.html#version=1.7.0\u0026ruleId=S818",
"isEnabledByDefault":  "False",
"isSuppressedInSource":  "False"
}
},
{
"ruleId":  "S818",
"locations":  [
{
"analysisTarget":  [
{
"uri":  "akka.net\\src\\core\\Akka.Remote\\PhiAccrualFailureDetector.cs",
"region":  {
"startLine":  211,
"startColumn":  41,
"endLine":  211,
"endColumn":  42
}
}
]
}
],
"shortMessage":  "Upper case this literal suffix.",
"fullMessage":  "Using upper case literal suffixes removes the potential ambiguity between \"1\" (digit 1) and \"l\" (letter el) for declaring literals.",
"properties":  {
"severity":  "Warning",
"warningLevel":  "1",
"defaultSeverity":  "Warning",
"title":  "Literal suffixes should be upper case",
"category":  "Maintainability",
"helpLink":  "http://vs.sonarlint.org/rules/index.html#version=1.7.0\u0026ruleId=S818",
"isEnabledByDefault":  "False",
"isSuppressedInSource":  "False"
}
},
{
"ruleId":  "S818",
"locations":  [
{
"analysisTarget":  [
{
"uri":  "akka.net\\src\\core\\Akka.Remote\\PhiAccrualFailureDetector.cs",
"region":  {
"startLine":  213,
"startColumn":  38,
"endLine":  213,
"endColumn":  39
}
}
]
}
],
"shortMessage":  "Upper case this literal suffix.",
"fullMessage":  "Using upper case literal suffixes removes the potential ambiguity between \"1\" (digit 1) and \"l\" (letter el) for declaring literals.",
"properties":  {
"severity":  "Warning",
"warningLevel":  "1",
"defaultSeverity":  "Warning",
"title":  "Literal suffixes should be upper case",
"category":  "Maintainability",
"helpLink":  "http://vs.sonarlint.org/rules/index.html#version=1.7.0\u0026ruleId=S818",
"isEnabledByDefault":  "False",
"isSuppressedInSource":  "False"
}
},
{
"ruleId":  "S818",
"locations":  [
{
"analysisTarget":  [
{
"uri":  "akka.net\\src\\core\\Akka.Remote\\PhiAccrualFailureDetector.cs",
"region":  {
"startLine":  213,
"startColumn":  45,
"endLine":  213,
"endColumn":  46
}
}
]
}
],
"shortMessage":  "Upper case this literal suffix.",
"fullMessage":  "Using upper case literal suffixes removes the potential ambiguity between \"1\" (digit 1) and \"l\" (letter el) for declaring literals.",
"properties":  {
"severity":  "Warning",
"warningLevel":  "1",
"defaultSeverity":  "Warning",
"title":  "Literal suffixes should be upper case",
"category":  "Maintainability",
"helpLink":  "http://vs.sonarlint.org/rules/index.html#version=1.7.0\u0026ruleId=S818",
"isEnabledByDefault":  "False",
"isSuppressedInSource":  "False"
}
},
{
"ruleId":  "S818",
"locations":  [
{
"analysisTarget":  [
{
"uri":  "akka.net\\src\\core\\Akka.Remote\\PhiAccrualFailureDetector.cs",
"region":  {
"startLine":  213,
"startColumn":  51,
"endLine":  213,
"endColumn":  52
}
}
]
}
],
"shortMessage":  "Upper case this literal suffix.",
"fullMessage":  "Using upper case literal suffixes removes the potential ambiguity between \"1\" (digit 1) and \"l\" (letter el) for declaring literals.",
"properties":  {
"severity":  "Warning",
"warningLevel":  "1",
"defaultSeverity":  "Warning",
"title":  "Literal suffixes should be upper case",
"category":  "Maintainability",
"helpLink":  "http://vs.sonarlint.org/rules/index.html#version=1.7.0\u0026ruleId=S818",
"isEnabledByDefault":  "False",
"isSuppressedInSource":  "False"
}
}
]
}
