{
"version":  "0.1",
"toolInfo":  {
"toolName":  "Microsoft (R) Visual C# Compiler",
"productVersion":  "1.1.0",
"fileVersion":  "1.1.0"
},
"issues":  [
{
"ruleId":  "S1541",
"locations":  [
{
"analysisTarget":  [
{
"uri":  "akka.net\\src\\contrib\\persistence\\Akka.Persistence.Sqlite\\Journal\\SqliteQueryBuilder.cs",
"region":  {
"startLine":  53,
"startColumn":  23,
"endLine":  53,
"endColumn":  32
}
}
]
}
],
"shortMessage":  "The Cyclomatic Complexity of this method is 12 which is greater than 10 authorized.",
"fullMessage":  "The cyclomatic complexity of a function should not exceed a defined threshold. Complex code can perform poorly and will in any case be difficult to understand and therefore to maintain.",
"properties":  {
"severity":  "Warning",
"warningLevel":  "1",
"defaultSeverity":  "Warning",
"title":  "Methods should not be too complex",
"category":  "Maintainability",
"helpLink":  "http://vs.sonarlint.org/rules/index.html#version=1.7.0\u0026ruleId=S1541",
"isEnabledByDefault":  "True",
"isSuppressedInSource":  "False"
}
}
]
}
