{
"version":  "0.1",
"toolInfo":  {
"toolName":  "Microsoft (R) Visual C# Compiler",
"productVersion":  "1.1.0",
"fileVersion":  "1.1.0"
},
"issues":  [
{
"ruleId":  "S122",
"locations":  [
{
"analysisTarget":  [
{
"uri":  "akka.net\\src\\core\\Akka.Persistence.TestKit\\Journal\\JournalSpec.cs",
"region":  {
"startLine":  99,
"startColumn":  12,
"endLine":  99,
"endColumn":  113
}
}
]
}
],
"shortMessage":  "Reformat the code to have only one statement per line.",
"fullMessage":  "For better readability, do not put more than one statement on a single line.",
"properties":  {
"severity":  "Warning",
"warningLevel":  "1",
"defaultSeverity":  "Warning",
"title":  "Statements should be on separate lines",
"category":  "Maintainability",
"helpLink":  "http://vs.sonarlint.org/rules/index.html#version=1.7.0\u0026ruleId=S122",
"isEnabledByDefault":  "False",
"isSuppressedInSource":  "False"
}
},
{
"ruleId":  "S122",
"locations":  [
{
"analysisTarget":  [
{
"uri":  "akka.net\\src\\core\\Akka.Persistence.TestKit\\Journal\\JournalSpec.cs",
"region":  {
"startLine":  107,
"startColumn":  12,
"endLine":  107,
"endColumn":  113
}
}
]
}
],
"shortMessage":  "Reformat the code to have only one statement per line.",
"fullMessage":  "For better readability, do not put more than one statement on a single line.",
"properties":  {
"severity":  "Warning",
"warningLevel":  "1",
"defaultSeverity":  "Warning",
"title":  "Statements should be on separate lines",
"category":  "Maintainability",
"helpLink":  "http://vs.sonarlint.org/rules/index.html#version=1.7.0\u0026ruleId=S122",
"isEnabledByDefault":  "False",
"isSuppressedInSource":  "False"
}
},
{
"ruleId":  "S122",
"locations":  [
{
"analysisTarget":  [
{
"uri":  "akka.net\\src\\core\\Akka.Persistence.TestKit\\Journal\\JournalSpec.cs",
"region":  {
"startLine":  115,
"startColumn":  12,
"endLine":  115,
"endColumn":  113
}
}
]
}
],
"shortMessage":  "Reformat the code to have only one statement per line.",
"fullMessage":  "For better readability, do not put more than one statement on a single line.",
"properties":  {
"severity":  "Warning",
"warningLevel":  "1",
"defaultSeverity":  "Warning",
"title":  "Statements should be on separate lines",
"category":  "Maintainability",
"helpLink":  "http://vs.sonarlint.org/rules/index.html#version=1.7.0\u0026ruleId=S122",
"isEnabledByDefault":  "False",
"isSuppressedInSource":  "False"
}
},
{
"ruleId":  "S122",
"locations":  [
{
"analysisTarget":  [
{
"uri":  "akka.net\\src\\core\\Akka.Persistence.TestKit\\Journal\\JournalSpec.cs",
"region":  {
"startLine":  123,
"startColumn":  12,
"endLine":  123,
"endColumn":  113
}
}
]
}
],
"shortMessage":  "Reformat the code to have only one statement per line.",
"fullMessage":  "For better readability, do not put more than one statement on a single line.",
"properties":  {
"severity":  "Warning",
"warningLevel":  "1",
"defaultSeverity":  "Warning",
"title":  "Statements should be on separate lines",
"category":  "Maintainability",
"helpLink":  "http://vs.sonarlint.org/rules/index.html#version=1.7.0\u0026ruleId=S122",
"isEnabledByDefault":  "False",
"isSuppressedInSource":  "False"
}
},
{
"ruleId":  "S122",
"locations":  [
{
"analysisTarget":  [
{
"uri":  "akka.net\\src\\core\\Akka.Persistence.TestKit\\Journal\\JournalSpec.cs",
"region":  {
"startLine":  131,
"startColumn":  12,
"endLine":  131,
"endColumn":  113
}
}
]
}
],
"shortMessage":  "Reformat the code to have only one statement per line.",
"fullMessage":  "For better readability, do not put more than one statement on a single line.",
"properties":  {
"severity":  "Warning",
"warningLevel":  "1",
"defaultSeverity":  "Warning",
"title":  "Statements should be on separate lines",
"category":  "Maintainability",
"helpLink":  "http://vs.sonarlint.org/rules/index.html#version=1.7.0\u0026ruleId=S122",
"isEnabledByDefault":  "False",
"isSuppressedInSource":  "False"
}
},
{
"ruleId":  "S122",
"locations":  [
{
"analysisTarget":  [
{
"uri":  "akka.net\\src\\core\\Akka.Persistence.TestKit\\Journal\\JournalSpec.cs",
"region":  {
"startLine":  139,
"startColumn":  12,
"endLine":  139,
"endColumn":  113
}
}
]
}
],
"shortMessage":  "Reformat the code to have only one statement per line.",
"fullMessage":  "For better readability, do not put more than one statement on a single line.",
"properties":  {
"severity":  "Warning",
"warningLevel":  "1",
"defaultSeverity":  "Warning",
"title":  "Statements should be on separate lines",
"category":  "Maintainability",
"helpLink":  "http://vs.sonarlint.org/rules/index.html#version=1.7.0\u0026ruleId=S122",
"isEnabledByDefault":  "False",
"isSuppressedInSource":  "False"
}
}
]
}
