{
"version":  "0.1",
"toolInfo":  {
"toolName":  "Microsoft (R) Visual C# Compiler",
"productVersion":  "1.1.0",
"fileVersion":  "1.1.0"
},
"issues":  [
{
"ruleId":  "S1659",
"locations":  [
{
"analysisTarget":  [
{
"uri":  "akka.net\\src\\core\\Akka.Persistence\\Snapshot\\LocalSnapshotStore.cs",
"region":  {
"startLine":  203,
"startColumn":  33,
"endLine":  203,
"endColumn":  38
}
}
]
}
],
"shortMessage":  "Declare \"ticks\" in a separate statement.",
"fullMessage":  "Declaring multiple variable on one line is difficult to read.",
"properties":  {
"severity":  "Warning",
"warningLevel":  "1",
"defaultSeverity":  "Warning",
"title":  "Multiple variables should not be declared on the same line",
"category":  "Maintainability",
"helpLink":  "http://vs.sonarlint.org/rules/index.html#version=1.7.0\u0026ruleId=S1659",
"isEnabledByDefault":  "False",
"isSuppressedInSource":  "False"
}
}
]
}
