{
"version":  "0.1",
"toolInfo":  {
"toolName":  "Microsoft (R) Visual C# Compiler",
"productVersion":  "1.1.0",
"fileVersion":  "1.1.0"
},
"issues":  [
{
"ruleId":  "S3215",
"locations":  [
{
"analysisTarget":  [
{
"uri":  "akka.net\\src\\core\\Akka.NodeTestRunner\\Sink.cs",
"region":  {
"startLine":  55,
"startColumn":  31,
"endLine":  55,
"endColumn":  54
}
}
]
}
],
"shortMessage":  "Remove this cast and edit the interface to add the missing functionality.",
"fullMessage":  "Needing to cast from an interface to a concrete type indicates that something is wrong with the abstractions in use, likely that something is missing from the interface. Instead of casting to a discrete type, the missing functionality should be added to the interface. Otherwise there is the risk of runtime exceptions.",
"properties":  {
"severity":  "Warning",
"warningLevel":  "1",
"defaultSeverity":  "Warning",
"title":  "\"interface\" instances should not be cast to concrete types",
"category":  "Reliability",
"helpLink":  "http://vs.sonarlint.org/rules/index.html#version=1.7.0\u0026ruleId=S3215",
"isEnabledByDefault":  "False",
"isSuppressedInSource":  "False"
}
}
]
}
