{
"version":  "0.1",
"toolInfo":  {
"toolName":  "Microsoft (R) Visual C# Compiler",
"productVersion":  "1.1.0",
"fileVersion":  "1.1.0"
},
"issues":  [
{
"ruleId":  "S1186",
"locations":  [
{
"analysisTarget":  [
{
"uri":  "akka.net\\src\\core\\Akka\\Actor\\ActorCell.Children.cs",
"region":  {
"startLine":  98,
"startColumn":  21,
"endLine":  98,
"endColumn":  37
}
}
]
}
],
"shortMessage":  "Add a nested comment explaining why this method is empty, throw a NotSupportedException or complete the implementation.",
"fullMessage":  "There are several reasons for a method not to have a method body: It is an unintentional omission, and should be fixed. It is not yet, or never will be, supported. In this case an \"NotSupportedException\" should be thrown. The method is an intentionally-blank override. In this case a nested comment should explain the reason for the blank override.",
"properties":  {
"severity":  "Warning",
"warningLevel":  "1",
"defaultSeverity":  "Warning",
"title":  "Methods should not be empty",
"category":  "Reliability",
"helpLink":  "http://vs.sonarlint.org/rules/index.html#version=1.7.0\u0026ruleId=S1186",
"isEnabledByDefault":  "False",
"isSuppressedInSource":  "False"
}
},
{
"ruleId":  "S1186",
"locations":  [
{
"analysisTarget":  [
{
"uri":  "akka.net\\src\\core\\Akka\\Actor\\ActorRef.cs",
"region":  {
"startLine":  305,
"startColumn":  29,
"endLine":  305,
"endColumn":  35
}
}
]
}
],
"shortMessage":  "Add a nested comment explaining why this method is empty, throw a NotSupportedException or complete the implementation.",
"fullMessage":  "There are several reasons for a method not to have a method body: It is an unintentional omission, and should be fixed. It is not yet, or never will be, supported. In this case an \"NotSupportedException\" should be thrown. The method is an intentionally-blank override. In this case a nested comment should explain the reason for the blank override.",
"properties":  {
"severity":  "Warning",
"warningLevel":  "1",
"defaultSeverity":  "Warning",
"title":  "Methods should not be empty",
"category":  "Reliability",
"helpLink":  "http://vs.sonarlint.org/rules/index.html#version=1.7.0\u0026ruleId=S1186",
"isEnabledByDefault":  "False",
"isSuppressedInSource":  "False"
}
},
{
"ruleId":  "S1186",
"locations":  [
{
"analysisTarget":  [
{
"uri":  "akka.net\\src\\core\\Akka\\Actor\\ActorRef.cs",
"region":  {
"startLine":  309,
"startColumn":  29,
"endLine":  309,
"endColumn":  34
}
}
]
}
],
"shortMessage":  "Add a nested comment explaining why this method is empty, throw a NotSupportedException or complete the implementation.",
"fullMessage":  "There are several reasons for a method not to have a method body: It is an unintentional omission, and should be fixed. It is not yet, or never will be, supported. In this case an \"NotSupportedException\" should be thrown. The method is an intentionally-blank override. In this case a nested comment should explain the reason for the blank override.",
"properties":  {
"severity":  "Warning",
"warningLevel":  "1",
"defaultSeverity":  "Warning",
"title":  "Methods should not be empty",
"category":  "Reliability",
"helpLink":  "http://vs.sonarlint.org/rules/index.html#version=1.7.0\u0026ruleId=S1186",
"isEnabledByDefault":  "False",
"isSuppressedInSource":  "False"
}
},
{
"ruleId":  "S1186",
"locations":  [
{
"analysisTarget":  [
{
"uri":  "akka.net\\src\\core\\Akka\\Actor\\ActorRef.cs",
"region":  {
"startLine":  313,
"startColumn":  29,
"endLine":  313,
"endColumn":  33
}
}
]
}
],
"shortMessage":  "Add a nested comment explaining why this method is empty, throw a NotSupportedException or complete the implementation.",
"fullMessage":  "There are several reasons for a method not to have a method body: It is an unintentional omission, and should be fixed. It is not yet, or never will be, supported. In this case an \"NotSupportedException\" should be thrown. The method is an intentionally-blank override. In this case a nested comment should explain the reason for the blank override.",
"properties":  {
"severity":  "Warning",
"warningLevel":  "1",
"defaultSeverity":  "Warning",
"title":  "Methods should not be empty",
"category":  "Reliability",
"helpLink":  "http://vs.sonarlint.org/rules/index.html#version=1.7.0\u0026ruleId=S1186",
"isEnabledByDefault":  "False",
"isSuppressedInSource":  "False"
}
},
{
"ruleId":  "S1186",
"locations":  [
{
"analysisTarget":  [
{
"uri":  "akka.net\\src\\core\\Akka\\Actor\\ActorRef.cs",
"region":  {
"startLine":  317,
"startColumn":  29,
"endLine":  317,
"endColumn":  36
}
}
]
}
],
"shortMessage":  "Add a nested comment explaining why this method is empty, throw a NotSupportedException or complete the implementation.",
"fullMessage":  "There are several reasons for a method not to have a method body: It is an unintentional omission, and should be fixed. It is not yet, or never will be, supported. In this case an \"NotSupportedException\" should be thrown. The method is an intentionally-blank override. In this case a nested comment should explain the reason for the blank override.",
"properties":  {
"severity":  "Warning",
"warningLevel":  "1",
"defaultSeverity":  "Warning",
"title":  "Methods should not be empty",
"category":  "Reliability",
"helpLink":  "http://vs.sonarlint.org/rules/index.html#version=1.7.0\u0026ruleId=S1186",
"isEnabledByDefault":  "False",
"isSuppressedInSource":  "False"
}
},
{
"ruleId":  "S1186",
"locations":  [
{
"analysisTarget":  [
{
"uri":  "akka.net\\src\\core\\Akka\\Actor\\ActorRef.cs",
"region":  {
"startLine":  321,
"startColumn":  29,
"endLine":  321,
"endColumn":  36
}
}
]
}
],
"shortMessage":  "Add a nested comment explaining why this method is empty, throw a NotSupportedException or complete the implementation.",
"fullMessage":  "There are several reasons for a method not to have a method body: It is an unintentional omission, and should be fixed. It is not yet, or never will be, supported. In this case an \"NotSupportedException\" should be thrown. The method is an intentionally-blank override. In this case a nested comment should explain the reason for the blank override.",
"properties":  {
"severity":  "Warning",
"warningLevel":  "1",
"defaultSeverity":  "Warning",
"title":  "Methods should not be empty",
"category":  "Reliability",
"helpLink":  "http://vs.sonarlint.org/rules/index.html#version=1.7.0\u0026ruleId=S1186",
"isEnabledByDefault":  "False",
"isSuppressedInSource":  "False"
}
},
{
"ruleId":  "S1186",
"locations":  [
{
"analysisTarget":  [
{
"uri":  "akka.net\\src\\core\\Akka\\Actor\\ActorRef.cs",
"region":  {
"startLine":  325,
"startColumn":  32,
"endLine":  325,
"endColumn":  44
}
}
]
}
],
"shortMessage":  "Add a nested comment explaining why this method is empty, throw a NotSupportedException or complete the implementation.",
"fullMessage":  "There are several reasons for a method not to have a method body: It is an unintentional omission, and should be fixed. It is not yet, or never will be, supported. In this case an \"NotSupportedException\" should be thrown. The method is an intentionally-blank override. In this case a nested comment should explain the reason for the blank override.",
"properties":  {
"severity":  "Warning",
"warningLevel":  "1",
"defaultSeverity":  "Warning",
"title":  "Methods should not be empty",
"category":  "Reliability",
"helpLink":  "http://vs.sonarlint.org/rules/index.html#version=1.7.0\u0026ruleId=S1186",
"isEnabledByDefault":  "False",
"isSuppressedInSource":  "False"
}
},
{
"ruleId":  "S1186",
"locations":  [
{
"analysisTarget":  [
{
"uri":  "akka.net\\src\\core\\Akka\\Actor\\DeadLetterMailbox.cs",
"region":  {
"startLine":  43,
"startColumn":  29,
"endLine":  43,
"endColumn":  41
}
}
]
}
],
"shortMessage":  "Add a nested comment explaining why this method is empty, throw a NotSupportedException or complete the implementation.",
"fullMessage":  "There are several reasons for a method not to have a method body: It is an unintentional omission, and should be fixed. It is not yet, or never will be, supported. In this case an \"NotSupportedException\" should be thrown. The method is an intentionally-blank override. In this case a nested comment should explain the reason for the blank override.",
"properties":  {
"severity":  "Warning",
"warningLevel":  "1",
"defaultSeverity":  "Warning",
"title":  "Methods should not be empty",
"category":  "Reliability",
"helpLink":  "http://vs.sonarlint.org/rules/index.html#version=1.7.0\u0026ruleId=S1186",
"isEnabledByDefault":  "False",
"isSuppressedInSource":  "False"
}
},
{
"ruleId":  "S1186",
"locations":  [
{
"analysisTarget":  [
{
"uri":  "akka.net\\src\\core\\Akka\\Actor\\Props.cs",
"region":  {
"startLine":  534,
"startColumn":  36,
"endLine":  534,
"endColumn":  45
}
}
]
}
],
"shortMessage":  "Add a nested comment explaining why this method is empty, throw a NotSupportedException or complete the implementation.",
"fullMessage":  "There are several reasons for a method not to have a method body: It is an unintentional omission, and should be fixed. It is not yet, or never will be, supported. In this case an \"NotSupportedException\" should be thrown. The method is an intentionally-blank override. In this case a nested comment should explain the reason for the blank override.",
"properties":  {
"severity":  "Warning",
"warningLevel":  "1",
"defaultSeverity":  "Warning",
"title":  "Methods should not be empty",
"category":  "Reliability",
"helpLink":  "http://vs.sonarlint.org/rules/index.html#version=1.7.0\u0026ruleId=S1186",
"isEnabledByDefault":  "False",
"isSuppressedInSource":  "False"
}
},
{
"ruleId":  "S1186",
"locations":  [
{
"analysisTarget":  [
{
"uri":  "akka.net\\src\\core\\Akka\\Event\\DeadLetterListener.cs",
"region":  {
"startLine":  21,
"startColumn":  32,
"endLine":  21,
"endColumn":  43
}
}
]
}
],
"shortMessage":  "Add a nested comment explaining why this method is empty, throw a NotSupportedException or complete the implementation.",
"fullMessage":  "There are several reasons for a method not to have a method body: It is an unintentional omission, and should be fixed. It is not yet, or never will be, supported. In this case an \"NotSupportedException\" should be thrown. The method is an intentionally-blank override. In this case a nested comment should explain the reason for the blank override.",
"properties":  {
"severity":  "Warning",
"warningLevel":  "1",
"defaultSeverity":  "Warning",
"title":  "Methods should not be empty",
"category":  "Reliability",
"helpLink":  "http://vs.sonarlint.org/rules/index.html#version=1.7.0\u0026ruleId=S1186",
"isEnabledByDefault":  "False",
"isSuppressedInSource":  "False"
}
},
{
"ruleId":  "S1186",
"locations":  [
{
"analysisTarget":  [
{
"uri":  "akka.net\\src\\core\\Akka\\Util\\ByteIterator.cs",
"region":  {
"startLine":  533,
"startColumn":  24,
"endLine":  533,
"endColumn":  31
}
}
]
}
],
"shortMessage":  "Add a nested comment explaining why this method is empty, throw a NotSupportedException or complete the implementation.",
"fullMessage":  "There are several reasons for a method not to have a method body: It is an unintentional omission, and should be fixed. It is not yet, or never will be, supported. In this case an \"NotSupportedException\" should be thrown. The method is an intentionally-blank override. In this case a nested comment should explain the reason for the blank override.",
"properties":  {
"severity":  "Warning",
"warningLevel":  "1",
"defaultSeverity":  "Warning",
"title":  "Methods should not be empty",
"category":  "Reliability",
"helpLink":  "http://vs.sonarlint.org/rules/index.html#version=1.7.0\u0026ruleId=S1186",
"isEnabledByDefault":  "False",
"isSuppressedInSource":  "False"
}
}
]
}
