{
"version":  "0.1",
"toolInfo":  {
"toolName":  "Microsoft (R) Visual C# Compiler",
"productVersion":  "1.1.0",
"fileVersion":  "1.1.0"
},
"issues":  [
{
"ruleId":  "S2228",
"locations":  [
{
"analysisTarget":  [
{
"uri":  "akka.net\\src\\examples\\Cluster\\Routing\\Samples.Cluster.ConsistentHashRouting\\BackendActor.cs",
"region":  {
"startLine":  21,
"startColumn":  16,
"endLine":  21,
"endColumn":  33
}
}
]
}
],
"shortMessage":  "Remove this logging statement.",
"fullMessage":  "Debug statements are always useful during development. But include them in production code - particularly in code that runs client-side - and you run the risk of inadvertently exposing sensitive information.",
"properties":  {
"severity":  "Warning",
"warningLevel":  "1",
"defaultSeverity":  "Warning",
"title":  "Console logging should not be used",
"category":  "Portability",
"helpLink":  "http://vs.sonarlint.org/rules/index.html#version=1.7.0\u0026ruleId=S2228",
"isEnabledByDefault":  "False",
"isSuppressedInSource":  "False"
}
},
{
"ruleId":  "S2228",
"locations":  [
{
"analysisTarget":  [
{
"uri":  "akka.net\\src\\examples\\Cluster\\Routing\\Samples.Cluster.ConsistentHashRouting\\FrontendActor.cs",
"region":  {
"startLine":  45,
"startColumn":  16,
"endLine":  45,
"endColumn":  33
}
}
]
}
],
"shortMessage":  "Remove this logging statement.",
"fullMessage":  "Debug statements are always useful during development. But include them in production code - particularly in code that runs client-side - and you run the risk of inadvertently exposing sensitive information.",
"properties":  {
"severity":  "Warning",
"warningLevel":  "1",
"defaultSeverity":  "Warning",
"title":  "Console logging should not be used",
"category":  "Portability",
"helpLink":  "http://vs.sonarlint.org/rules/index.html#version=1.7.0\u0026ruleId=S2228",
"isEnabledByDefault":  "False",
"isSuppressedInSource":  "False"
}
},
{
"ruleId":  "S2228",
"locations":  [
{
"analysisTarget":  [
{
"uri":  "akka.net\\src\\examples\\Cluster\\Routing\\Samples.Cluster.ConsistentHashRouting\\FrontendActor.cs",
"region":  {
"startLine":  74,
"startColumn":  16,
"endLine":  74,
"endColumn":  33
}
}
]
}
],
"shortMessage":  "Remove this logging statement.",
"fullMessage":  "Debug statements are always useful during development. But include them in production code - particularly in code that runs client-side - and you run the risk of inadvertently exposing sensitive information.",
"properties":  {
"severity":  "Warning",
"warningLevel":  "1",
"defaultSeverity":  "Warning",
"title":  "Console logging should not be used",
"category":  "Portability",
"helpLink":  "http://vs.sonarlint.org/rules/index.html#version=1.7.0\u0026ruleId=S2228",
"isEnabledByDefault":  "False",
"isSuppressedInSource":  "False"
}
},
{
"ruleId":  "S2228",
"locations":  [
{
"analysisTarget":  [
{
"uri":  "akka.net\\src\\examples\\Cluster\\Routing\\Samples.Cluster.ConsistentHashRouting\\Program.cs",
"region":  {
"startLine":  32,
"startColumn":  12,
"endLine":  32,
"endColumn":  29
}
}
]
}
],
"shortMessage":  "Remove this logging statement.",
"fullMessage":  "Debug statements are always useful during development. But include them in production code - particularly in code that runs client-side - and you run the risk of inadvertently exposing sensitive information.",
"properties":  {
"severity":  "Warning",
"warningLevel":  "1",
"defaultSeverity":  "Warning",
"title":  "Console logging should not be used",
"category":  "Portability",
"helpLink":  "http://vs.sonarlint.org/rules/index.html#version=1.7.0\u0026ruleId=S2228",
"isEnabledByDefault":  "False",
"isSuppressedInSource":  "False"
}
}
]
}
